2025-08-24T05:03:01.059899+07:00 Asus systemd[1]: rsyslog.service: Sent signal SIGHUP to main process 233 (rsyslogd) on client request.
2025-08-24T05:03:01.060543+07:00 Asus rsyslogd: [origin software="rsyslogd" swVersion="8.2312.0" x-pid="233" x-info="https://www.rsyslog.com"] rsyslogd was HUPed
2025-08-24T05:03:01.071257+07:00 Asus systemd[1]: logrotate.service: Main process exited, code=exited, status=1/FAILURE
2025-08-24T05:03:01.072574+07:00 Asus systemd[1]: logrotate.service: Failed with result 'exit-code'.
2025-08-24T05:03:01.072768+07:00 Asus systemd[1]: Failed to start logrotate.service - Rotate log files.
2025-08-24T05:03:01.093829+07:00 Asus wsl-pro-service[211]: #033[37mDEBUG#033[0m Ready state sent to systemd
2025-08-24T05:03:01.093943+07:00 Asus wsl-pro-service[211]: #033[36mINFO#033[0m Daemon: connecting to Windows Agent
2025-08-24T05:03:01.094005+07:00 Asus wsl-pro-service[211]: #033[37mDEBUG#033[0m Updated systemd status to "Connecting"
2025-08-24T05:03:01.094124+07:00 Asus systemd[1]: Started wsl-pro.service - Bridge to Ubuntu Pro agent on Windows.
2025-08-24T05:03:01.097474+07:00 Asus systemd[1]: tmp-syscheck\x2dmountpoint\x2d171207967.mount: Deactivated successfully.
2025-08-24T05:03:01.097847+07:00 Asus snapd[203]: daemon.go:353: adjusting startup timeout by 30s (pessimistic estimate of 30s plus 5s per snap)
2025-08-24T05:03:01.097991+07:00 Asus wsl-pro-service[211]: #033[33mWARNING#033[0m Daemon: could not connect to Windows Agent: could not get address: could not read agent port file "/mnt/c/Users/hafiz/.ubuntupro/.address": open /mnt/c/Users/hafiz/.ubuntupro/.address: no such file or directory
2025-08-24T05:03:01.098253+07:00 Asus wsl-pro-service[211]: #033[36mINFO#033[0m Reconnecting to Windows host in 1 seconds
2025-08-24T05:03:01.098318+07:00 Asus wsl-pro-service[211]: #033[37mDEBUG#033[0m Updated systemd status to "Not connected: waiting to retry"
2025-08-24T05:03:01.101095+07:00 Asus snapd[203]: backends.go:68: AppArmor status: apparmor not enabled
2025-08-24T05:03:01.150196+07:00 Asus systemd[1]: Cannot find unit for notify message of PID 420, ignoring.
2025-08-24T05:03:01.156879+07:00 Asus systemd[1]: Started snapd.service - Snap Daemon.
2025-08-24T05:03:01.164369+07:00 Asus dbus-daemon[184]: [system] Activating via systemd: service name='org.freedesktop.timedate1' unit='dbus-org.freedesktop.timedate1.service' requested by ':1.5' (uid=0 pid=203 comm="/usr/lib/snapd/snapd" label="kernel")
2025-08-24T05:03:01.173775+07:00 Asus systemd[1]: Starting systemd-timedated.service - Time & Date Service...
2025-08-24T05:03:01.274484+07:00 Asus dbus-daemon[184]: [system] Successfully activated service 'org.freedesktop.timedate1'
2025-08-24T05:03:01.274796+07:00 Asus systemd[1]: Started systemd-timedated.service - Time & Date Service.
2025-08-24T05:03:01.295223+07:00 Asus systemd[1]: Finished snapd.seeded.service - Wait until snapd is fully seeded.
2025-08-24T05:03:01.297066+07:00 Asus systemd[1]: snapd.autoimport.service - Auto import assertions from block devices was skipped because no trigger condition checks were met.
2025-08-24T05:03:01.985400+07:00 Asus landscape-config[188]: Registered:    False
2025-08-24T05:03:01.985563+07:00 Asus landscape-config[188]: Config Path:   /etc/landscape/client.conf
2025-08-24T05:03:01.985591+07:00 Asus landscape-config[188]: Data Path      /var/lib/landscape/client
2025-08-24T05:03:02.098638+07:00 Asus wsl-pro-service[211]: #033[36mINFO#033[0m Daemon: connecting to Windows Agent
2025-08-24T05:03:02.098763+07:00 Asus wsl-pro-service[211]: #033[37mDEBUG#033[0m Updated systemd status to "Connecting"
2025-08-24T05:03:02.103570+07:00 Asus wsl-pro-service[211]: #033[33mWARNING#033[0m Daemon: could not connect to Windows Agent: could not get address: could not read agent port file "/mnt/c/Users/hafiz/.ubuntupro/.address": open /mnt/c/Users/hafiz/.ubuntupro/.address: no such file or directory
2025-08-24T05:03:02.103738+07:00 Asus wsl-pro-service[211]: #033[36mINFO#033[0m Reconnecting to Windows host in 2 seconds
2025-08-24T05:03:02.103851+07:00 Asus wsl-pro-service[211]: #033[37mDEBUG#033[0m Updated systemd status to "Not connected: waiting to retry"
2025-08-24T05:03:02.107988+07:00 Asus systemd[1]: landscape-client.service: Skipped due to 'exec-condition'.
2025-08-24T05:03:02.108115+07:00 Asus systemd[1]: Condition check resulted in landscape-client.service - Landscape client daemons being skipped.
2025-08-24T05:03:02.108385+07:00 Asus systemd[1]: landscape-client.service: Consumed 1.047s CPU time.
2025-08-24T05:03:02.786398+07:00 Asus systemd[1]: Started mysql.service - MySQL Community Server.
2025-08-24T05:03:02.787211+07:00 Asus systemd[1]: Reached target multi-user.target - Multi-User System.
2025-08-24T05:03:02.787773+07:00 Asus systemd[1]: Reached target graphical.target - Graphical Interface.
2025-08-24T05:03:02.833909+07:00 Asus systemd[1]: Starting systemd-update-utmp-runlevel.service - Record Runlevel Change in UTMP...
2025-08-24T05:03:02.845782+07:00 Asus systemd[1]: systemd-update-utmp-runlevel.service: Deactivated successfully.
2025-08-24T05:03:02.846128+07:00 Asus systemd[1]: Finished systemd-update-utmp-runlevel.service - Record Runlevel Change in UTMP.
2025-08-24T05:03:02.847395+07:00 Asus systemd[1]: Startup finished in 4.171s.
2025-08-24T05:03:03.319348+07:00 Asus systemd[1]: dmesg.service: Deactivated successfully.
2025-08-24T05:03:03.667609+07:00 Asus systemd[1]: Created slice user-1000.slice - User Slice of UID 1000.
2025-08-24T05:03:03.669626+07:00 Asus systemd[1]: Starting user-runtime-dir@1000.service - User Runtime Directory /run/user/1000...
2025-08-24T05:03:03.713671+07:00 Asus systemd[1]: Finished user-runtime-dir@1000.service - User Runtime Directory /run/user/1000.
2025-08-24T05:03:03.715887+07:00 Asus systemd[1]: Starting user@1000.service - User Manager for UID 1000...
2025-08-24T05:03:03.913641+07:00 Asus systemd[568]: Queued start job for default target default.target.
2025-08-24T05:03:03.933355+07:00 Asus kernel: WSL (217) ERROR: CheckConnection: getaddrinfo() failed: -5
2025-08-24T05:03:03.933409+07:00 Asus kernel: systemd-journald[59]: /var/log/journal/3820e9de8d2a4926981b45212fb08369/user-1000.journal: Journal file uses a different sequence number ID, rotating.
2025-08-24T05:03:03.990317+07:00 Asus systemd[568]: Created slice app.slice - User Application Slice.
2025-08-24T05:03:03.990724+07:00 Asus systemd[568]: Started launchpadlib-cache-clean.timer - Clean up old files in the Launchpadlib cache.
2025-08-24T05:03:03.991199+07:00 Asus systemd[568]: Reached target paths.target - Paths.
2025-08-24T05:03:03.991618+07:00 Asus systemd[568]: Reached target timers.target - Timers.
2025-08-24T05:03:03.992017+07:00 Asus systemd[568]: Starting dbus.socket - D-Bus User Message Bus Socket...
2025-08-24T05:03:03.992175+07:00 Asus systemd[568]: Listening on dirmngr.socket - GnuPG network certificate management daemon.
2025-08-24T05:03:03.992298+07:00 Asus systemd[568]: Listening on gpg-agent-browser.socket - GnuPG cryptographic agent and passphrase cache (access for web browsers).
2025-08-24T05:03:03.992413+07:00 Asus systemd[568]: Listening on gpg-agent-extra.socket - GnuPG cryptographic agent and passphrase cache (restricted).
2025-08-24T05:03:03.992504+07:00 Asus systemd[568]: Starting gpg-agent-ssh.socket - GnuPG cryptographic agent (ssh-agent emulation)...
2025-08-24T05:03:03.992560+07:00 Asus systemd[568]: Listening on gpg-agent.socket - GnuPG cryptographic agent and passphrase cache.
2025-08-24T05:03:03.992754+07:00 Asus systemd[568]: Listening on keyboxd.socket - GnuPG public key management service.
2025-08-24T05:03:03.992854+07:00 Asus systemd[568]: Listening on pk-debconf-helper.socket - debconf communication socket.
2025-08-24T05:03:03.992929+07:00 Asus systemd[568]: Listening on snapd.session-agent.socket - REST API socket for snapd user session agent.
2025-08-24T05:03:03.993033+07:00 Asus systemd[568]: Listening on dbus.socket - D-Bus User Message Bus Socket.
2025-08-24T05:03:03.993129+07:00 Asus systemd[568]: Listening on gpg-agent-ssh.socket - GnuPG cryptographic agent (ssh-agent emulation).
2025-08-24T05:03:03.993237+07:00 Asus systemd[568]: Reached target sockets.target - Sockets.
2025-08-24T05:03:03.993346+07:00 Asus systemd[568]: Reached target basic.target - Basic System.
2025-08-24T05:03:03.993427+07:00 Asus systemd[568]: Reached target default.target - Main User Target.
2025-08-24T05:03:03.993482+07:00 Asus systemd[568]: Startup finished in 209ms.
2025-08-24T05:03:03.993547+07:00 Asus systemd[1]: Started user@1000.service - User Manager for UID 1000.
2025-08-24T05:03:03.993737+07:00 Asus systemd[1]: Started session-1.scope - Session 1 of User hafiz.
2025-08-24T05:03:04.105084+07:00 Asus wsl-pro-service[211]: #033[36mINFO#033[0m Daemon: connecting to Windows Agent
2025-08-24T05:03:04.105395+07:00 Asus wsl-pro-service[211]: #033[37mDEBUG#033[0m Updated systemd status to "Connecting"
2025-08-24T05:03:04.108068+07:00 Asus wsl-pro-service[211]: #033[33mWARNING#033[0m Daemon: could not connect to Windows Agent: could not get address: could not read agent port file "/mnt/c/Users/hafiz/.ubuntupro/.address": open /mnt/c/Users/hafiz/.ubuntupro/.address: no such file or directory
2025-08-24T05:03:04.108174+07:00 Asus wsl-pro-service[211]: #033[36mINFO#033[0m Reconnecting to Windows host in 4 seconds
2025-08-24T05:03:04.108217+07:00 Asus wsl-pro-service[211]: #033[37mDEBUG#033[0m Updated systemd status to "Not connected: waiting to retry"
2025-08-24T05:03:06.164739+07:00 Asus snapd[203]: daemon.go:548: gracefully waiting for running hooks
2025-08-24T05:03:06.164876+07:00 Asus snapd[203]: daemon.go:550: done waiting for running hooks
2025-08-24T05:03:08.111531+07:00 Asus wsl-pro-service[211]: #033[36mINFO#033[0m Daemon: connecting to Windows Agent
2025-08-24T05:03:08.111745+07:00 Asus wsl-pro-service[211]: #033[37mDEBUG#033[0m Updated systemd status to "Connecting"
2025-08-24T05:03:08.114071+07:00 Asus wsl-pro-service[211]: #033[33mWARNING#033[0m Daemon: could not connect to Windows Agent: could not get address: could not read agent port file "/mnt/c/Users/hafiz/.ubuntupro/.address": open /mnt/c/Users/hafiz/.ubuntupro/.address: no such file or directory
2025-08-24T05:03:08.114199+07:00 Asus wsl-pro-service[211]: #033[36mINFO#033[0m Reconnecting to Windows host in 8 seconds
2025-08-24T05:03:08.114256+07:00 Asus wsl-pro-service[211]: #033[37mDEBUG#033[0m Updated systemd status to "Not connected: waiting to retry"
2025-08-24T05:03:09.166601+07:00 Asus snapd[203]: overlord.go:528: Released state lock file
2025-08-24T05:03:09.166722+07:00 Asus snapd[203]: daemon stop requested to wait for socket activation
2025-08-24T05:03:09.173231+07:00 Asus systemd[1]: snapd.service: Deactivated successfully.
2025-08-24T05:03:16.120762+07:00 Asus wsl-pro-service[211]: #033[36mINFO#033[0m Daemon: connecting to Windows Agent
2025-08-24T05:03:16.121055+07:00 Asus wsl-pro-service[211]: #033[37mDEBUG#033[0m Updated systemd status to "Connecting"
2025-08-24T05:03:16.123070+07:00 Asus wsl-pro-service[211]: #033[33mWARNING#033[0m Daemon: could not connect to Windows Agent: could not get address: could not read agent port file "/mnt/c/Users/hafiz/.ubuntupro/.address": open /mnt/c/Users/hafiz/.ubuntupro/.address: no such file or directory
2025-08-24T05:03:16.123171+07:00 Asus wsl-pro-service[211]: #033[36mINFO#033[0m Reconnecting to Windows host in 16 seconds
2025-08-24T05:03:16.123216+07:00 Asus wsl-pro-service[211]: #033[37mDEBUG#033[0m Updated systemd status to "Not connected: waiting to retry"
2025-08-24T05:11:44.139813+07:00 Asus systemd[1]: Mounted sys-kernel-config.mount - Kernel Configuration File System.
2025-08-24T05:11:44.140230+07:00 Asus systemd[1]: Finished keyboard-setup.service - Set the console keyboard layout.
2025-08-24T05:11:44.140256+07:00 Asus systemd-sysctl[76]: Couldn't write '1' to 'kernel/apparmor_restrict_unprivileged_userns', ignoring: No such file or directory
2025-08-24T05:11:44.140267+07:00 Asus systemd[1]: Finished systemd-sysctl.service - Apply Kernel Variables.
2025-08-24T05:11:44.140274+07:00 Asus systemd[1]: Starting systemd-journal-flush.service - Flush Journal to Persistent Storage...
2025-08-24T05:11:44.140312+07:00 Asus systemd[1]: Finished systemd-tmpfiles-setup-dev-early.service - Create Static Device Nodes in /dev gracefully.
2025-08-24T05:11:44.140322+07:00 Asus systemd[1]: systemd-sysusers.service - Create System Users was skipped because no trigger condition checks were met.
2025-08-24T05:11:44.140336+07:00 Asus systemd[1]: Starting systemd-tmpfiles-setup-dev.service - Create Static Device Nodes in /dev...
2025-08-24T05:11:44.140344+07:00 Asus systemd[1]: Finished systemd-tmpfiles-setup-dev.service - Create Static Device Nodes in /dev.
2025-08-24T05:11:44.140350+07:00 Asus systemd[1]: Reached target local-fs-pre.target - Preparation for Local File Systems.
2025-08-24T05:11:44.140356+07:00 Asus systemd[1]: Reached target local-fs.target - Local File Systems.
2025-08-24T05:11:44.140362+07:00 Asus systemd[1]: Listening on systemd-sysext.socket - System Extension Image Management (Varlink).
2025-08-24T05:11:44.140368+07:00 Asus systemd[1]: apparmor.service - Load AppArmor profiles was skipped because of an unmet condition check (ConditionSecurity=apparmor).
2025-08-24T05:11:44.140379+07:00 Asus systemd[1]: Starting console-setup.service - Set console font and keymap...
2025-08-24T05:11:44.140385+07:00 Asus sh[109]: /bin/sh: 1: cannot create /proc/sys/fs/binfmt_misc/WSLInterop-late: Permission denied
2025-08-24T05:11:44.140391+07:00 Asus systemd[1]: ldconfig.service - Rebuild Dynamic Linker Cache was skipped because no trigger condition checks were met.
2025-08-24T05:11:44.140397+07:00 Asus systemd[1]: snapd.apparmor.service - Load AppArmor profiles managed internally by snapd was skipped because of an unmet condition check (ConditionSecurity=apparmor).
2025-08-24T05:11:44.140403+07:00 Asus systemd[1]: Starting systemd-binfmt.service - Set Up Additional Binary Formats...
2025-08-24T05:11:44.140413+07:00 Asus systemd[1]: Starting systemd-udevd.service - Rule-based Manager for Device Events and Files...
2025-08-24T05:11:44.140416+07:00 Asus kernel: Linux version 6.6.87.2-microsoft-standard-WSL2 (root@439a258ad544) (gcc (GCC) 11.2.0, GNU ld (GNU Binutils) 2.37) #1 SMP PREEMPT_DYNAMIC Thu Jun  5 18:30:46 UTC 2025
2025-08-24T05:11:44.140426+07:00 Asus kernel: Command line: initrd=\initrd.img WSL_ROOT_INIT=1 panic=-1 nr_cpus=8 hv_utils.timesync_implicit=1 console=hvc0 debug pty.legacy_count=0 WSL_ENABLE_CRASH_DUMP=1
2025-08-24T05:11:44.140427+07:00 Asus kernel: KERNEL supported cpus:
2025-08-24T05:11:44.140428+07:00 Asus kernel:   Intel GenuineIntel
2025-08-24T05:11:44.140429+07:00 Asus kernel:   AMD AuthenticAMD
2025-08-24T05:11:44.140433+07:00 Asus kernel: BIOS-provided physical RAM map:
2025-08-24T05:11:44.140437+07:00 Asus kernel: BIOS-e820: [mem 0x0000000000000000-0x000000000009ffff] usable
2025-08-24T05:11:44.140443+07:00 Asus kernel: BIOS-e820: [mem 0x00000000000e0000-0x00000000000e0fff] reserved
2025-08-24T05:11:44.140444+07:00 Asus kernel: BIOS-e820: [mem 0x0000000000100000-0x00000000001fffff] ACPI data
2025-08-24T05:11:44.140445+07:00 Asus kernel: BIOS-e820: [mem 0x0000000000200000-0x00000000f7ffffff] usable
2025-08-24T05:11:44.140446+07:00 Asus kernel: BIOS-e820: [mem 0x0000000100000000-0x00000001c5dfffff] usable
2025-08-24T05:11:44.140447+07:00 Asus kernel: NX (Execute Disable) protection: active
2025-08-24T05:11:44.140448+07:00 Asus kernel: APIC: Static calls initialized
2025-08-24T05:11:44.140449+07:00 Asus kernel: DMI not present or invalid.
2025-08-24T05:11:44.140453+07:00 Asus kernel: Hypervisor detected: Microsoft Hyper-V
2025-08-24T05:11:44.140455+07:00 Asus kernel: Hyper-V: privilege flags low 0xae7f, high 0x3b8030, hints 0x902c2c, misc 0xe0bed7b6
2025-08-24T05:11:44.140455+07:00 Asus kernel: Hyper-V: Nested features: 0x4a0000
2025-08-24T05:11:44.140456+07:00 Asus kernel: Hyper-V: LAPIC Timer Frequency: 0xc3500
2025-08-24T05:11:44.140457+07:00 Asus kernel: Hyper-V: Using hypercall for remote TLB flush
2025-08-24T05:11:44.140458+07:00 Asus kernel: clocksource: hyperv_clocksource_tsc_page: mask: 0xffffffffffffffff max_cycles: 0x24e6a1710, max_idle_ns: 440795202120 ns
2025-08-24T05:11:44.140420+07:00 Asus systemd[1]: Finished console-setup.service - Set console font and keymap.
2025-08-24T05:11:44.140469+07:00 Asus kernel: clocksource: hyperv_clocksource_msr: mask: 0xffffffffffffffff max_cycles: 0x24e6a1710, max_idle_ns: 440795202120 ns
2025-08-24T05:11:44.140470+07:00 Asus kernel: tsc: Detected 2295.623 MHz processor
2025-08-24T05:11:44.140471+07:00 Asus kernel: e820: update [mem 0x00000000-0x00000fff] usable ==> reserved
2025-08-24T05:11:44.140472+07:00 Asus kernel: e820: remove [mem 0x000a0000-0x000fffff] usable
2025-08-24T05:11:44.140473+07:00 Asus kernel: last_pfn = 0x1c5e00 max_arch_pfn = 0x400000000
2025-08-24T05:11:44.140474+07:00 Asus kernel: MTRR map: 5 entries (4 fixed + 1 variable; max 20), built from 8 variable MTRRs
2025-08-24T05:11:44.140472+07:00 Asus systemd[1]: Finished systemd-binfmt.service - Set Up Additional Binary Formats.
2025-08-24T05:11:44.140478+07:00 Asus kernel: x86/PAT: Configuration [0-7]: WB  WC  UC- UC  WB  WP  UC- WT  
2025-08-24T05:11:44.140480+07:00 Asus kernel: last_pfn = 0xf8000 max_arch_pfn = 0x400000000
2025-08-24T05:11:44.140481+07:00 Asus kernel: Using GB pages for direct mapping
2025-08-24T05:11:44.140481+07:00 Asus kernel: RAMDISK: [mem 0x04be4000-0x04e7dfff]
2025-08-24T05:11:44.140482+07:00 Asus kernel: ACPI: Early table checksum verification disabled
2025-08-24T05:11:44.140483+07:00 Asus kernel: ACPI: RSDP 0x00000000000E0000 000024 (v02 VRTUAL)
2025-08-24T05:11:44.140481+07:00 Asus systemd-udevd[104]: Using default interface naming scheme 'v255'.
2025-08-24T05:11:44.140489+07:00 Asus systemd[1]: Finished systemd-journal-flush.service - Flush Journal to Persistent Storage.
2025-08-24T05:11:44.140500+07:00 Asus systemd[1]: Starting systemd-tmpfiles-setup.service - Create Volatile Files and Directories...
2025-08-24T05:11:44.140517+07:00 Asus systemd[1]: Started systemd-udevd.service - Rule-based Manager for Device Events and Files.
2025-08-24T05:11:44.140523+07:00 Asus systemd[1]: Finished systemd-udev-trigger.service - Coldplug All udev Devices.
2025-08-24T05:11:44.140530+07:00 Asus systemd[1]: Finished systemd-tmpfiles-setup.service - Create Volatile Files and Directories.
2025-08-24T05:11:44.140548+07:00 Asus kernel: ACPI: XSDT 0x0000000000100000 000044 (v01 VRTUAL MICROSFT 00000001 MSFT 00000001)
2025-08-24T05:11:44.140553+07:00 Asus kernel: ACPI: FACP 0x0000000000101000 000114 (v06 VRTUAL MICROSFT 00000001 MSFT 00000001)
2025-08-24T05:11:44.140554+07:00 Asus kernel: ACPI: DSDT 0x00000000001011B8 01E11C (v02 MSFTVM DSDT01   00000001 INTL 20230628)
2025-08-24T05:11:44.140554+07:00 Asus kernel: ACPI: FACS 0x0000000000101114 000040
2025-08-24T05:11:44.140555+07:00 Asus kernel: ACPI: OEM0 0x0000000000101154 000064 (v01 VRTUAL MICROSFT 00000001 MSFT 00000001)
2025-08-24T05:11:44.140556+07:00 Asus kernel: ACPI: SRAT 0x000000000011F2D4 000330 (v02 VRTUAL MICROSFT 00000001 MSFT 00000001)
2025-08-24T05:11:44.140557+07:00 Asus kernel: ACPI: APIC 0x000000000011F604 000088 (v04 VRTUAL MICROSFT 00000001 MSFT 00000001)
2025-08-24T05:11:44.140563+07:00 Asus kernel: ACPI: Reserving FACP table memory at [mem 0x101000-0x101113]
2025-08-24T05:11:44.140564+07:00 Asus kernel: ACPI: Reserving DSDT table memory at [mem 0x1011b8-0x11f2d3]
2025-08-24T05:11:44.140565+07:00 Asus kernel: ACPI: Reserving FACS table memory at [mem 0x101114-0x101153]
2025-08-24T05:11:44.140566+07:00 Asus kernel: ACPI: Reserving OEM0 table memory at [mem 0x101154-0x1011b7]
2025-08-24T05:11:44.140566+07:00 Asus kernel: ACPI: Reserving SRAT table memory at [mem 0x11f2d4-0x11f603]
2025-08-24T05:11:44.140570+07:00 Asus kernel: ACPI: Reserving APIC table memory at [mem 0x11f604-0x11f68b]
2025-08-24T05:11:44.140578+07:00 Asus kernel: SRAT: PXM 0 -> APIC 0x00 -> Node 0
2025-08-24T05:11:44.140537+07:00 Asus systemd[1]: systemd-firstboot.service - First Boot Wizard was skipped because of an unmet condition check (ConditionFirstBoot=yes).
2025-08-24T05:11:44.140582+07:00 Asus kernel: SRAT: PXM 0 -> APIC 0x01 -> Node 0
2025-08-24T05:11:44.140583+07:00 Asus kernel: SRAT: PXM 0 -> APIC 0x02 -> Node 0
2025-08-24T05:11:44.140584+07:00 Asus kernel: SRAT: PXM 0 -> APIC 0x03 -> Node 0
2025-08-24T05:11:44.140585+07:00 Asus kernel: SRAT: PXM 0 -> APIC 0x04 -> Node 0
2025-08-24T05:11:44.140586+07:00 Asus kernel: SRAT: PXM 0 -> APIC 0x05 -> Node 0
2025-08-24T05:11:44.140586+07:00 Asus kernel: SRAT: PXM 0 -> APIC 0x06 -> Node 0
2025-08-24T05:11:44.140594+07:00 Asus kernel: SRAT: PXM 0 -> APIC 0x07 -> Node 0
2025-08-24T05:11:44.140598+07:00 Asus kernel: ACPI: SRAT: Node 0 PXM 0 [mem 0x00000000-0xf7ffffff] hotplug
2025-08-24T05:11:44.140588+07:00 Asus systemd[1]: first-boot-complete.target - First Boot Complete was skipped because of an unmet condition check (ConditionFirstBoot=yes).
2025-08-24T05:11:44.140599+07:00 Asus kernel: ACPI: SRAT: Node 0 PXM 0 [mem 0x100000000-0x1c5dfffff] hotplug
2025-08-24T05:11:44.140600+07:00 Asus kernel: ACPI: SRAT: Node 0 PXM 0 [mem 0x1c5e00000-0x9ffdfffff] hotplug
2025-08-24T05:11:44.140601+07:00 Asus kernel: ACPI: SRAT: Node 0 PXM 0 [mem 0x1000000000-0xfcffffffff] hotplug
2025-08-24T05:11:44.140601+07:00 Asus kernel: ACPI: SRAT: Node 0 PXM 0 [mem 0x10000000000-0x1ffffffffff] hotplug
2025-08-24T05:11:44.140601+07:00 Asus systemd[1]: systemd-journal-catalog-update.service - Rebuild Journal Catalog was skipped because of an unmet condition check (ConditionNeedsUpdate=/var).
2025-08-24T05:11:44.140606+07:00 Asus kernel: ACPI: SRAT: Node 0 PXM 0 [mem 0x20000000000-0x3ffffffffff] hotplug
2025-08-24T05:11:44.140607+07:00 Asus kernel: ACPI: SRAT: Node 0 PXM 0 [mem 0x40000000000-0x7ffffffffff] hotplug
2025-08-24T05:11:44.140608+07:00 Asus kernel: ACPI: SRAT: Node 0 PXM 0 [mem 0x80000000000-0xfffffffffff] hotplug
2025-08-24T05:11:44.140609+07:00 Asus kernel: ACPI: SRAT: Node 0 PXM 0 [mem 0x100000000000-0x1fffffffffff] hotplug
2025-08-24T05:11:44.140610+07:00 Asus kernel: ACPI: SRAT: Node 0 PXM 0 [mem 0x200000000000-0x3fffffffffff] hotplug
2025-08-24T05:11:44.140611+07:00 Asus kernel: ACPI: SRAT: Node 0 PXM 0 [mem 0x400000000000-0x7fffffffffff] hotplug
2025-08-24T05:11:44.140608+07:00 Asus systemd[1]: systemd-machine-id-commit.service - Commit a transient machine-id on disk was skipped because of an unmet condition check (ConditionPathIsMountPoint=/etc/machine-id).
2025-08-24T05:11:44.140616+07:00 Asus kernel: ACPI: SRAT: Node 0 PXM 0 [mem 0x800000000000-0xffffffffffff] hotplug
2025-08-24T05:11:44.140617+07:00 Asus kernel: ACPI: SRAT: Node 0 PXM 0 [mem 0x1000000000000-0x1ffffffffffff] hotplug
2025-08-24T05:11:44.140618+07:00 Asus kernel: ACPI: SRAT: Node 0 PXM 0 [mem 0x2000000000000-0x3ffffffffffff] hotplug
2025-08-24T05:11:44.140619+07:00 Asus kernel: ACPI: SRAT: Node 0 PXM 0 [mem 0x4000000000000-0x7ffffffffffff] hotplug
2025-08-24T05:11:44.140620+07:00 Asus kernel: ACPI: SRAT: Node 0 PXM 0 [mem 0x8000000000000-0xfffffffffffff] hotplug
2025-08-24T05:11:44.140616+07:00 Asus systemd[1]: Starting systemd-resolved.service - Network Name Resolution...
2025-08-24T05:11:44.140621+07:00 Asus kernel: NUMA: Node 0 [mem 0x00000000-0xf7ffffff] + [mem 0x100000000-0x1c5dfffff] -> [mem 0x00000000-0x1c5dfffff]
2025-08-24T05:11:44.140623+07:00 Asus kernel: NODE_DATA(0) allocated [mem 0x1c5dde000-0x1c5dfffff]
2025-08-24T05:11:44.140623+07:00 Asus systemd[1]: Starting systemd-timesyncd.service - Network Time Synchronization...
2025-08-24T05:11:44.140627+07:00 Asus kernel: Zone ranges:
2025-08-24T05:11:44.140628+07:00 Asus kernel:   DMA32    [mem 0x0000000000001000-0x00000000ffffffff]
2025-08-24T05:11:44.140629+07:00 Asus kernel:   Normal   [mem 0x0000000100000000-0x00000001c5dfffff]
2025-08-24T05:11:44.140630+07:00 Asus kernel:   Device   empty
2025-08-24T05:11:44.140631+07:00 Asus kernel: Movable zone start for each node
2025-08-24T05:11:44.140631+07:00 Asus kernel: Early memory node ranges
2025-08-24T05:11:44.140629+07:00 Asus systemd[1]: systemd-update-done.service - Update is Completed was skipped because no trigger condition checks were met.
2025-08-24T05:11:44.140636+07:00 Asus kernel:   node   0: [mem 0x0000000000001000-0x000000000009ffff]
2025-08-24T05:11:44.140637+07:00 Asus kernel:   node   0: [mem 0x0000000000200000-0x00000000f7ffffff]
2025-08-24T05:11:44.140638+07:00 Asus kernel:   node   0: [mem 0x0000000100000000-0x00000001c5dfffff]
2025-08-24T05:11:44.140640+07:00 Asus kernel: Initmem setup node 0 [mem 0x0000000000001000-0x00000001c5dfffff]
2025-08-24T05:11:44.140641+07:00 Asus kernel: On node 0, zone DMA32: 1 pages in unavailable ranges
2025-08-24T05:11:44.140642+07:00 Asus kernel: On node 0, zone DMA32: 352 pages in unavailable ranges
2025-08-24T05:11:44.140636+07:00 Asus systemd[1]: Starting systemd-update-utmp.service - Record System Boot/Shutdown in UTMP...
2025-08-24T05:11:44.140646+07:00 Asus kernel: On node 0, zone Normal: 8704 pages in unavailable ranges
2025-08-24T05:11:44.140647+07:00 Asus kernel: ACPI: PM-Timer IO Port: 0x408
2025-08-24T05:11:44.140648+07:00 Asus kernel: ACPI: LAPIC_NMI (acpi_id[0x01] dfl dfl lint[0x1])
2025-08-24T05:11:44.140649+07:00 Asus kernel: IOAPIC[0]: apic_id 8, version 17, address 0xfec00000, GSI 0-23
2025-08-24T05:11:44.140647+07:00 Asus systemd[1]: wslg.service - WSLg Remount Service was skipped because of an unmet condition check (ConditionPathExists=!/tmp/.X11-unix/X0).
2025-08-24T05:11:44.140650+07:00 Asus kernel: ACPI: INT_SRC_OVR (bus 0 bus_irq 9 global_irq 9 high level)
2025-08-24T05:11:44.140653+07:00 Asus kernel: ACPI: Using ACPI (MADT) for SMP configuration information
2025-08-24T05:11:44.140653+07:00 Asus kernel: smpboot: Allowing 8 CPUs, 0 hotplug CPUs
2025-08-24T05:11:44.140654+07:00 Asus systemd[1]: Finished systemd-update-utmp.service - Record System Boot/Shutdown in UTMP.
2025-08-24T05:11:44.140660+07:00 Asus systemd[1]: Started systemd-timesyncd.service - Network Time Synchronization.
2025-08-24T05:11:44.140666+07:00 Asus systemd[1]: Reached target time-set.target - System Time Set.
2025-08-24T05:11:44.140671+07:00 Asus systemd-resolved[159]: Positive Trust Anchors:
2025-08-24T05:11:44.140677+07:00 Asus systemd-resolved[159]: . IN DS 20326 8 2 e06d44b80b8f1d39a95c0b0d7c65d08458e880409bbc683457104237c7f8ec8d
2025-08-24T05:11:44.140686+07:00 Asus kernel: PM: hibernation: Registered nosave memory: [mem 0x00000000-0x00000fff]
2025-08-24T05:11:44.140690+07:00 Asus kernel: PM: hibernation: Registered nosave memory: [mem 0x000a0000-0x000dffff]
2025-08-24T05:11:44.140688+07:00 Asus systemd-resolved[159]: Negative trust anchors: home.arpa 10.in-addr.arpa 16.172.in-addr.arpa 17.172.in-addr.arpa 18.172.in-addr.arpa 19.172.in-addr.arpa 20.172.in-addr.arpa 21.172.in-addr.arpa 22.172.in-addr.arpa 23.172.in-addr.arpa 24.172.in-addr.arpa 25.172.in-addr.arpa 26.172.in-addr.arpa 27.172.in-addr.arpa 28.172.in-addr.arpa 29.172.in-addr.arpa 30.172.in-addr.arpa 31.172.in-addr.arpa 170.0.0.192.in-addr.arpa 171.0.0.192.in-addr.arpa 168.192.in-addr.arpa d.f.ip6.arpa ipv4only.arpa corp home internal intranet lan local private test
2025-08-24T05:11:44.140691+07:00 Asus kernel: PM: hibernation: Registered nosave memory: [mem 0x000e0000-0x000e0fff]
2025-08-24T05:11:44.140694+07:00 Asus kernel: PM: hibernation: Registered nosave memory: [mem 0x000e1000-0x000fffff]
2025-08-24T05:11:44.140695+07:00 Asus kernel: PM: hibernation: Registered nosave memory: [mem 0x00100000-0x001fffff]
2025-08-24T05:11:44.140696+07:00 Asus kernel: PM: hibernation: Registered nosave memory: [mem 0xf8000000-0xffffffff]
2025-08-24T05:11:44.140695+07:00 Asus systemd-resolved[159]: Using system hostname 'Asus'.
2025-08-24T05:11:44.140703+07:00 Asus kernel: [mem 0xf8000000-0xffffffff] available for PCI devices
2025-08-24T05:11:44.140701+07:00 Asus systemd[1]: Started systemd-resolved.service - Network Name Resolution.
2025-08-24T05:11:44.140705+07:00 Asus kernel: Booting paravirtualized kernel on Hyper-V
2025-08-24T05:11:44.140707+07:00 Asus kernel: clocksource: refined-jiffies: mask: 0xffffffff max_cycles: 0xffffffff, max_idle_ns: 7645519600211568 ns
2025-08-24T05:11:44.140708+07:00 Asus kernel: setup_percpu: NR_CPUS:8192 nr_cpumask_bits:8 nr_cpu_ids:8 nr_node_ids:1
2025-08-24T05:11:44.140709+07:00 Asus kernel: percpu: Embedded 63 pages/cpu s221184 r8192 d28672 u262144
2025-08-24T05:11:44.140710+07:00 Asus kernel: pcpu-alloc: s221184 r8192 d28672 u262144 alloc=1*2097152
2025-08-24T05:11:44.140708+07:00 Asus systemd[1]: Reached target nss-lookup.target - Host and Network Name Lookups.
2025-08-24T05:11:44.140714+07:00 Asus kernel: pcpu-alloc: [0] 0 1 2 3 4 5 6 7 
2025-08-24T05:11:44.140715+07:00 Asus kernel: Hyper-V: PV spinlocks enabled
2025-08-24T05:11:44.140716+07:00 Asus kernel: PV qspinlock hash table entries: 256 (order: 0, 4096 bytes, linear)
2025-08-24T05:11:44.140714+07:00 Asus systemd[1]: Reached target sysinit.target - System Initialization.
2025-08-24T05:11:44.140724+07:00 Asus systemd[1]: apport-autoreport.path - Process error reports when automatic reporting is enabled (file watch) was skipped because of an unmet condition check (ConditionPathExists=/var/lib/apport/autoreport).
2025-08-24T05:11:44.140730+07:00 Asus systemd[1]: apport-autoreport.timer - Process error reports when automatic reporting is enabled (timer based) was skipped because of an unmet condition check (ConditionPathExists=/var/lib/apport/autoreport).
2025-08-24T05:11:44.140736+07:00 Asus systemd[1]: Started apt-daily.timer - Daily apt download activities.
2025-08-24T05:11:44.140742+07:00 Asus systemd[1]: Started apt-daily-upgrade.timer - Daily apt upgrade and clean activities.
2025-08-24T05:11:44.140748+07:00 Asus systemd[1]: Started dpkg-db-backup.timer - Daily dpkg database backup timer.
2025-08-24T05:11:44.140759+07:00 Asus systemd[1]: Started e2scrub_all.timer - Periodic ext4 Online Metadata Check for All Filesystems.
2025-08-24T05:11:44.140765+07:00 Asus systemd[1]: fstrim.timer - Discard unused filesystem blocks once a week was skipped because of an unmet condition check (ConditionVirtualization=!container).
2025-08-24T05:11:44.140771+07:00 Asus systemd[1]: Started logrotate.timer - Daily rotation of log files.
2025-08-24T05:11:44.140777+07:00 Asus systemd[1]: Started man-db.timer - Daily man-db regeneration.
2025-08-24T05:11:44.140783+07:00 Asus systemd[1]: Started motd-news.timer - Message of the Day.
2025-08-24T05:11:44.140790+07:00 Asus systemd[1]: Started phpsessionclean.timer - Clean PHP session files every 30 mins.
2025-08-24T05:11:44.140799+07:00 Asus systemd[1]: snapd.snap-repair.timer - Timer to automatically fetch and run repair assertions was skipped because no trigger condition checks were met.
2025-08-24T05:11:44.140806+07:00 Asus systemd[1]: Started systemd-tmpfiles-clean.timer - Daily Cleanup of Temporary Directories.
2025-08-24T05:11:44.140811+07:00 Asus systemd[1]: ua-timer.timer - Ubuntu Pro Timer for running repeated jobs was skipped because of an unmet condition check (ConditionPathExists=/var/lib/ubuntu-advantage/private/machine-token.json).
2025-08-24T05:11:44.140817+07:00 Asus systemd[1]: Reached target paths.target - Path Units.
2025-08-24T05:11:44.140824+07:00 Asus systemd[1]: Reached target timers.target - Timer Units.
2025-08-24T05:11:44.140829+07:00 Asus systemd[1]: Listening on apport-forward.socket - Unix socket for apport crash forwarding.
2025-08-24T05:11:44.140835+07:00 Asus kernel: Kernel command line: initrd=\initrd.img WSL_ROOT_INIT=1 panic=-1 nr_cpus=8 hv_utils.timesync_implicit=1 console=hvc0 debug pty.legacy_count=0 WSL_ENABLE_CRASH_DUMP=1
2025-08-24T05:11:44.140839+07:00 Asus kernel: Unknown kernel command line parameters "WSL_ROOT_INIT=1 WSL_ENABLE_CRASH_DUMP=1", will be passed to user space.
2025-08-24T05:11:44.140840+07:00 Asus kernel: random: crng init done
2025-08-24T05:11:44.140839+07:00 Asus systemd[1]: Listening on dbus.socket - D-Bus System Message Bus Socket.
2025-08-24T05:11:44.140845+07:00 Asus kernel: Dentry cache hash table entries: 1048576 (order: 11, 8388608 bytes, linear)
2025-08-24T05:11:44.140896+07:00 Asus kernel: Inode-cache hash table entries: 524288 (order: 10, 4194304 bytes, linear)
2025-08-24T05:11:44.140899+07:00 Asus kernel: Fallback order for Node 0: 0 
2025-08-24T05:11:44.140900+07:00 Asus kernel: Built 1 zonelists, mobility grouping on.  Total pages: 1796744
2025-08-24T05:11:44.140901+07:00 Asus kernel: Policy zone: Normal
2025-08-24T05:11:44.140901+07:00 Asus kernel: mem auto-init: stack:off, heap alloc:on, heap free:off
2025-08-24T05:11:44.140902+07:00 Asus kernel: software IO TLB: area num 8.
2025-08-24T05:11:44.140915+07:00 Asus kernel: Memory: 4123796K/7303804K available (20480K kernel code, 3457K rwdata, 13496K rodata, 4492K init, 6208K bss, 248052K reserved, 0K cma-reserved)
2025-08-24T05:11:44.140916+07:00 Asus kernel: SLUB: HWalign=64, Order=0-3, MinObjects=0, CPUs=8, Nodes=1
2025-08-24T05:11:44.140917+07:00 Asus kernel: ftrace: allocating 55808 entries in 218 pages
2025-08-24T05:11:44.140918+07:00 Asus kernel: ftrace: allocated 218 pages with 5 groups
2025-08-24T05:11:44.140845+07:00 Asus systemd[1]: Starting snapd.socket - Socket activation for snappy daemon...
2025-08-24T05:11:44.140947+07:00 Asus systemd[1]: Listening on uuidd.socket - UUID daemon activation socket.
2025-08-24T05:11:44.140965+07:00 Asus systemd[1]: systemd-pcrphase-sysinit.service - TPM2 PCR Barrier (Initialization) was skipped because of an unmet condition check (ConditionSecurity=measured-uki).
2025-08-24T05:11:44.140973+07:00 Asus systemd[1]: Listening on snapd.socket - Socket activation for snappy daemon.
2025-08-24T05:11:44.140980+07:00 Asus systemd[1]: Reached target sockets.target - Socket Units.
2025-08-24T05:11:44.140998+07:00 Asus systemd[1]: Reached target basic.target - Basic System.
2025-08-24T05:11:44.141006+07:00 Asus systemd[1]: apport.service - automatic crash report generation was skipped because of an unmet condition check (ConditionVirtualization=!container).
2025-08-24T05:11:44.141015+07:00 Asus systemd[1]: Started cron.service - Regular background program processing daemon.
2025-08-24T05:11:44.141022+07:00 Asus systemd[1]: Starting dbus.service - D-Bus System Message Bus...
2025-08-24T05:11:44.141029+07:00 Asus systemd[1]: Started dmesg.service - Save initial kernel messages after boot.
2025-08-24T05:11:44.141036+07:00 Asus (cron)[175]: cron.service: Referenced but unset environment variable evaluates to an empty string: EXTRA_OPTS
2025-08-24T05:11:44.141047+07:00 Asus systemd[1]: Starting e2scrub_reap.service - Remove Stale Online ext4 Metadata Check Snapshots...
2025-08-24T05:11:44.141117+07:00 Asus systemd[1]: getty-static.service - getty on tty2-tty6 if dbus and logind are not available was skipped because of an unmet condition check (ConditionPathExists=!/usr/bin/dbus-daemon).
2025-08-24T05:11:44.141124+07:00 Asus cron[175]: (CRON) INFO (pidfile fd = 3)
2025-08-24T05:11:44.141131+07:00 Asus systemd[1]: Starting landscape-client.service - Landscape client daemons...
2025-08-24T05:11:44.141138+07:00 Asus systemd[1]: Starting mysql.service - MySQL Community Server...
2025-08-24T05:11:44.140921+07:00 Asus kernel: Dynamic Preempt: none
2025-08-24T05:11:44.141160+07:00 Asus kernel: rcu: Preemptible hierarchical RCU implementation.
2025-08-24T05:11:44.141159+07:00 Asus cron[175]: (CRON) INFO (Running @reboot jobs)
2025-08-24T05:11:44.141168+07:00 Asus systemd[1]: networkd-dispatcher.service - Dispatcher daemon for systemd-networkd was skipped because no trigger condition checks were met.
2025-08-24T05:11:44.141177+07:00 Asus systemd[1]: Starting nginx.service - A high performance web server and a reverse proxy server...
2025-08-24T05:11:44.141237+07:00 Asus systemd[1]: Starting php8.3-fpm.service - The PHP 8.3 FastCGI Process Manager...
2025-08-24T05:11:44.141247+07:00 Asus systemd[1]: Starting phpsessionclean.service - Clean php session files...
2025-08-24T05:11:44.141253+07:00 Asus systemd[1]: Starting rsyslog.service - System Logging Service...
2025-08-24T05:11:44.141270+07:00 Asus systemd[1]: snapd.core-fixup.service - Automatically repair incorrect owner/permissions on core devices was skipped because no trigger condition checks were met.
2025-08-24T05:11:44.141277+07:00 Asus systemd[1]: snapd.recovery-chooser-trigger.service - Wait for the Ubuntu Core chooser trigger was skipped because of an unmet condition check (ConditionPathExistsGlob=/dev/input/event*).
2025-08-24T05:11:44.141283+07:00 Asus systemd[1]: Reached target getty-pre.target - Preparation for Logins.
2025-08-24T05:11:44.141290+07:00 Asus systemd[1]: Starting snapd.seeded.service - Wait until snapd is fully seeded...
2025-08-24T05:11:44.141296+07:00 Asus systemd[1]: Starting snapd.service - Snap Daemon...
2025-08-24T05:11:44.141304+07:00 Asus systemd[1]: Starting systemd-logind.service - User Login Management...
2025-08-24T05:11:44.141314+07:00 Asus systemd[1]: systemd-pcrphase.service - TPM2 PCR Barrier (User) was skipped because of an unmet condition check (ConditionSecurity=measured-uki).
2025-08-24T05:11:44.141321+07:00 Asus systemd[1]: Starting systemd-user-sessions.service - Permit User Sessions...
2025-08-24T05:11:44.141328+07:00 Asus systemd[1]: ua-reboot-cmds.service - Ubuntu Pro reboot cmds was skipped because of an unmet condition check (ConditionPathExists=/var/lib/ubuntu-advantage/private/machine-token.json).
2025-08-24T05:11:44.141335+07:00 Asus systemd[1]: ubuntu-advantage.service - Ubuntu Pro Background Auto Attach was skipped because no trigger condition checks were met.
2025-08-24T05:11:44.141345+07:00 Asus systemd[1]: Starting wsl-pro.service - Bridge to Ubuntu Pro agent on Windows...
2025-08-24T05:11:44.141401+07:00 Asus systemd[1]: Started dbus.service - D-Bus System Message Bus.
2025-08-24T05:11:44.141421+07:00 Asus systemd-timesyncd[165]: Contacted time server 185.125.190.57:123 (ntp.ubuntu.com).
2025-08-24T05:11:44.141429+07:00 Asus systemd-timesyncd[165]: Initial clock synchronization to Sun 2025-08-24 05:11:43.858837 WIB.
2025-08-24T05:11:44.141436+07:00 Asus systemd[1]: e2scrub_reap.service: Deactivated successfully.
2025-08-24T05:11:44.141445+07:00 Asus systemd[1]: Finished e2scrub_reap.service - Remove Stale Online ext4 Metadata Check Snapshots.
2025-08-24T05:11:44.141451+07:00 Asus systemd[1]: Finished systemd-user-sessions.service - Permit User Sessions.
2025-08-24T05:11:44.141464+07:00 Asus systemd[1]: Started console-getty.service - Console Getty.
2025-08-24T05:11:44.141471+07:00 Asus systemd[1]: Starting setvtrgb.service - Set console scheme...
2025-08-24T05:11:44.141478+07:00 Asus systemd[1]: Started nginx.service - A high performance web server and a reverse proxy server.
2025-08-24T05:11:44.141485+07:00 Asus systemd[1]: Finished setvtrgb.service - Set console scheme.
2025-08-24T05:11:44.141493+07:00 Asus systemd[1]: Created slice system-getty.slice - Slice /system/getty.
2025-08-24T05:11:44.141500+07:00 Asus systemd[1]: Started getty@tty1.service - Getty on tty1.
2025-08-24T05:11:44.141511+07:00 Asus systemd[1]: Reached target getty.target - Login Prompts.
2025-08-24T05:11:44.141526+07:00 Asus systemd[1]: Started systemd-logind.service - User Login Management.
2025-08-24T05:11:44.141236+07:00 Asus kernel: rcu: 	RCU restricting CPUs from NR_CPUS=8192 to nr_cpu_ids=8.
2025-08-24T05:11:44.137808+07:00 Asus systemd[1]: Started unattended-upgrades.service - Unattended Upgrades Shutdown.
2025-08-24T05:11:44.141537+07:00 Asus kernel: 	Trampoline variant of Tasks RCU enabled.
2025-08-24T05:11:44.141541+07:00 Asus kernel: 	Rude variant of Tasks RCU enabled.
2025-08-24T05:11:44.140568+07:00 Asus rsyslogd: imuxsock: Acquired UNIX socket '/run/systemd/journal/syslog' (fd 3) from systemd.  [v8.2312.0]
2025-08-24T05:11:44.141542+07:00 Asus kernel: 	Tracing variant of Tasks RCU enabled.
2025-08-24T05:11:44.141546+07:00 Asus kernel: rcu: RCU calculated value of scheduler-enlistment delay is 25 jiffies.
2025-08-24T05:11:44.141547+07:00 Asus kernel: rcu: Adjusting geometry for rcu_fanout_leaf=16, nr_cpu_ids=8
2025-08-24T05:11:44.140998+07:00 Asus systemd[1]: Started rsyslog.service - System Logging Service.
2025-08-24T05:11:44.141555+07:00 Asus kernel: Using NULL legacy PIC
2025-08-24T05:11:44.141121+07:00 Asus rsyslogd: rsyslogd's groupid changed to 102
2025-08-24T05:11:44.141180+07:00 Asus rsyslogd: rsyslogd's userid changed to 102
2025-08-24T05:11:44.141246+07:00 Asus rsyslogd: [origin software="rsyslogd" swVersion="8.2312.0" x-pid="227" x-info="https://www.rsyslog.com"] start
2025-08-24T05:11:44.141557+07:00 Asus kernel: NR_IRQS: 524544, nr_irqs: 488, preallocated irqs: 0
2025-08-24T05:11:44.142778+07:00 Asus kernel: rcu: srcu_init: Setting srcu_struct sizes based on contention.
2025-08-24T05:11:44.142784+07:00 Asus kernel: Console: colour dummy device 80x25
2025-08-24T05:11:44.142785+07:00 Asus kernel: ACPI: Core revision 20230628
2025-08-24T05:11:44.142786+07:00 Asus kernel: Failed to register legacy timer interrupt
2025-08-24T05:11:44.142787+07:00 Asus kernel: APIC: Switch to symmetric I/O mode setup
2025-08-24T05:11:44.142788+07:00 Asus kernel: Hyper-V: Host Build 10.0.26100.4946-4-0
2025-08-24T05:11:44.142789+07:00 Asus kernel: Hyper-V: enabling crash_kexec_post_notifiers
2025-08-24T05:11:44.142791+07:00 Asus kernel: Hyper-V: Using IPI hypercalls
2025-08-24T05:11:44.142808+07:00 Asus kernel: APIC: send_IPI() replaced with hv_send_ipi()
2025-08-24T05:11:44.142810+07:00 Asus kernel: APIC: send_IPI_mask() replaced with hv_send_ipi_mask()
2025-08-24T05:11:44.142812+07:00 Asus kernel: APIC: send_IPI_mask_allbutself() replaced with hv_send_ipi_mask_allbutself()
2025-08-24T05:11:44.142813+07:00 Asus kernel: APIC: send_IPI_allbutself() replaced with hv_send_ipi_allbutself()
2025-08-24T05:11:44.142814+07:00 Asus kernel: APIC: send_IPI_all() replaced with hv_send_ipi_all()
2025-08-24T05:11:44.142815+07:00 Asus kernel: APIC: send_IPI_self() replaced with hv_send_ipi_self()
2025-08-24T05:11:44.142816+07:00 Asus kernel: Hyper-V: Using enlightened APIC (xapic mode)
2025-08-24T05:11:44.142817+07:00 Asus kernel: APIC: eoi() replaced with hv_apic_eoi_write()
2025-08-24T05:11:44.142818+07:00 Asus kernel: APIC: read() replaced with hv_apic_read()
2025-08-24T05:11:44.142819+07:00 Asus kernel: APIC: write() replaced with hv_apic_write()
2025-08-24T05:11:44.142820+07:00 Asus kernel: APIC: icr_write() replaced with hv_apic_icr_write()
2025-08-24T05:11:44.142821+07:00 Asus kernel: APIC: icr_read() replaced with hv_apic_icr_read()
2025-08-24T05:11:44.142822+07:00 Asus kernel: clocksource: tsc-early: mask: 0xffffffffffffffff max_cycles: 0x21170e57cd2, max_idle_ns: 440795263179 ns
2025-08-24T05:11:44.142823+07:00 Asus kernel: Calibrating delay loop (skipped), value calculated using timer frequency.. 4591.24 BogoMIPS (lpj=9182492)
2025-08-24T05:11:44.142825+07:00 Asus kernel: AMD Zen1 DIV0 bug detected. Disable SMT for full protection.
2025-08-24T05:11:44.142826+07:00 Asus kernel: Last level iTLB entries: 4KB 1024, 2MB 1024, 4MB 512
2025-08-24T05:11:44.142826+07:00 Asus kernel: Last level dTLB entries: 4KB 1536, 2MB 1536, 4MB 768, 1GB 0
2025-08-24T05:11:44.142828+07:00 Asus kernel: Spectre V1 : Mitigation: usercopy/swapgs barriers and __user pointer sanitization
2025-08-24T05:11:44.142829+07:00 Asus kernel: Spectre V2 : Mitigation: Retpolines
2025-08-24T05:11:44.142830+07:00 Asus kernel: Spectre V2 : Spectre v2 / SpectreRSB mitigation: Filling RSB on context switch
2025-08-24T05:11:44.142831+07:00 Asus kernel: Spectre V2 : Spectre v2 / SpectreRSB : Filling RSB on VMEXIT
2025-08-24T05:11:44.142831+07:00 Asus kernel: Spectre V2 : Enabling Speculation Barrier for firmware calls
2025-08-24T05:11:44.142832+07:00 Asus kernel: RETBleed: Mitigation: untrained return thunk
2025-08-24T05:11:44.142834+07:00 Asus kernel: Spectre V2 : mitigation: Enabling conditional Indirect Branch Prediction Barrier
2025-08-24T05:11:44.142852+07:00 Asus kernel: Speculative Store Bypass: Mitigation: Speculative Store Bypass disabled via prctl
2025-08-24T05:11:44.142854+07:00 Asus kernel: Speculative Return Stack Overflow: IBPB-extending microcode not applied!
2025-08-24T05:11:44.142855+07:00 Asus kernel: Speculative Return Stack Overflow: WARNING: See https://kernel.org/doc/html/latest/admin-guide/hw-vuln/srso.html for mitigation options.
2025-08-24T05:11:44.142856+07:00 Asus kernel: Speculative Return Stack Overflow: Vulnerable: Safe RET, no microcode
2025-08-24T05:11:44.142857+07:00 Asus kernel: x86/fpu: Supporting XSAVE feature 0x001: 'x87 floating point registers'
2025-08-24T05:11:44.142858+07:00 Asus kernel: x86/fpu: Supporting XSAVE feature 0x002: 'SSE registers'
2025-08-24T05:11:44.142859+07:00 Asus kernel: x86/fpu: Supporting XSAVE feature 0x004: 'AVX registers'
2025-08-24T05:11:44.142860+07:00 Asus kernel: x86/fpu: xstate_offset[2]:  576, xstate_sizes[2]:  256
2025-08-24T05:11:44.142861+07:00 Asus kernel: x86/fpu: Enabled xstate features 0x7, context size is 832 bytes, using 'compacted' format.
2025-08-24T05:11:44.142862+07:00 Asus kernel: Freeing SMP alternatives memory: 44K
2025-08-24T05:11:44.142863+07:00 Asus kernel: pid_max: default: 32768 minimum: 301
2025-08-24T05:11:44.142864+07:00 Asus kernel: LSM: initializing lsm=capability,landlock,yama,safesetid,selinux,integrity
2025-08-24T05:11:44.142865+07:00 Asus kernel: landlock: Up and running.
2025-08-24T05:11:44.142867+07:00 Asus kernel: Yama: becoming mindful.
2025-08-24T05:11:44.142868+07:00 Asus kernel: SELinux:  Initializing.
2025-08-24T05:11:44.142869+07:00 Asus kernel: Mount-cache hash table entries: 16384 (order: 5, 131072 bytes, linear)
2025-08-24T05:11:44.142870+07:00 Asus kernel: Mountpoint-cache hash table entries: 16384 (order: 5, 131072 bytes, linear)
2025-08-24T05:11:44.142871+07:00 Asus kernel: smpboot: CPU0: AMD Ryzen 7 3750H with Radeon Vega Mobile Gfx (family: 0x17, model: 0x18, stepping: 0x1)
2025-08-24T05:11:44.142872+07:00 Asus kernel: RCU Tasks: Setting shift to 3 and lim to 1 rcu_task_cb_adjust=1 rcu_task_cpu_ids=8.
2025-08-24T05:11:44.142873+07:00 Asus kernel: RCU Tasks Rude: Setting shift to 3 and lim to 1 rcu_task_cb_adjust=1 rcu_task_cpu_ids=8.
2025-08-24T05:11:44.142873+07:00 Asus kernel: RCU Tasks Trace: Setting shift to 3 and lim to 1 rcu_task_cb_adjust=1 rcu_task_cpu_ids=8.
2025-08-24T05:11:44.142874+07:00 Asus kernel: Performance Events: Fam17h+ core perfctr, AMD PMU driver.
2025-08-24T05:11:44.142875+07:00 Asus kernel: ... version:                0
2025-08-24T05:11:44.142876+07:00 Asus kernel: ... bit width:              48
2025-08-24T05:11:44.142877+07:00 Asus kernel: ... generic registers:      6
2025-08-24T05:11:44.142878+07:00 Asus kernel: ... value mask:             0000ffffffffffff
2025-08-24T05:11:44.142879+07:00 Asus kernel: ... max period:             00007fffffffffff
2025-08-24T05:11:44.142880+07:00 Asus kernel: ... fixed-purpose events:   0
2025-08-24T05:11:44.142881+07:00 Asus kernel: ... event mask:             000000000000003f
2025-08-24T05:11:44.142882+07:00 Asus kernel: signal: max sigframe size: 1776
2025-08-24T05:11:44.142882+07:00 Asus kernel: rcu: Hierarchical SRCU implementation.
2025-08-24T05:11:44.142883+07:00 Asus kernel: rcu: 	Max phase no-delay instances is 1000.
2025-08-24T05:11:44.142884+07:00 Asus kernel: smp: Bringing up secondary CPUs ...
2025-08-24T05:11:44.142885+07:00 Asus kernel: smpboot: x86: Booting SMP configuration:
2025-08-24T05:11:44.142886+07:00 Asus kernel: .... node  #0, CPUs:      #2 #4 #6 #1 #3 #5 #7
2025-08-24T05:11:44.142887+07:00 Asus kernel: smp: Brought up 1 node, 8 CPUs
2025-08-24T05:11:44.142888+07:00 Asus kernel: smpboot: Max logical packages: 1
2025-08-24T05:11:44.142890+07:00 Asus kernel: smpboot: Total of 8 processors activated (36729.96 BogoMIPS)
2025-08-24T05:11:44.142910+07:00 Asus kernel: node 0 deferred pages initialised in 16ms
2025-08-24T05:11:44.142912+07:00 Asus kernel: devtmpfs: initialized
2025-08-24T05:11:44.142913+07:00 Asus kernel: x86/mm: Memory block size: 128MB
2025-08-24T05:11:44.142914+07:00 Asus kernel: clocksource: jiffies: mask: 0xffffffff max_cycles: 0xffffffff, max_idle_ns: 7645041785100000 ns
2025-08-24T05:11:44.142915+07:00 Asus kernel: futex hash table entries: 2048 (order: 5, 131072 bytes, linear)
2025-08-24T05:11:44.142916+07:00 Asus kernel: pinctrl core: initialized pinctrl subsystem
2025-08-24T05:11:44.142917+07:00 Asus kernel: NET: Registered PF_NETLINK/PF_ROUTE protocol family
2025-08-24T05:11:44.142919+07:00 Asus kernel: DMA: preallocated 1024 KiB GFP_KERNEL pool for atomic allocations
2025-08-24T05:11:44.142936+07:00 Asus kernel: DMA: preallocated 1024 KiB GFP_KERNEL|GFP_DMA32 pool for atomic allocations
2025-08-24T05:11:44.142937+07:00 Asus kernel: audit: initializing netlink subsys (disabled)
2025-08-24T05:11:44.142938+07:00 Asus kernel: audit: type=2000 audit(1755987099.040:1): state=initialized audit_enabled=0 res=1
2025-08-24T05:11:44.142939+07:00 Asus kernel: thermal_sys: Registered thermal governor 'step_wise'
2025-08-24T05:11:44.142941+07:00 Asus kernel: thermal_sys: Registered thermal governor 'user_space'
2025-08-24T05:11:44.142942+07:00 Asus kernel: cpuidle: using governor ladder
2025-08-24T05:11:44.142942+07:00 Asus kernel: cpuidle: using governor menu
2025-08-24T05:11:44.143075+07:00 Asus kernel: acpiphp: ACPI Hot Plug PCI Controller Driver version: 0.5
2025-08-24T05:11:44.143118+07:00 Asus kernel: dca service started, version 1.12.1
2025-08-24T05:11:44.143122+07:00 Asus kernel: PCI: Fatal: No config space access function found
2025-08-24T05:11:44.143123+07:00 Asus kernel: kprobes: kprobe jump-optimization is enabled. All kprobes are optimized if possible.
2025-08-24T05:11:44.143124+07:00 Asus kernel: HugeTLB: registered 1.00 GiB page size, pre-allocated 0 pages
2025-08-24T05:11:44.143125+07:00 Asus kernel: HugeTLB: 16380 KiB vmemmap can be freed for a 1.00 GiB page
2025-08-24T05:11:44.143126+07:00 Asus kernel: HugeTLB: registered 2.00 MiB page size, pre-allocated 0 pages
2025-08-24T05:11:44.143128+07:00 Asus kernel: HugeTLB: 28 KiB vmemmap can be freed for a 2.00 MiB page
2025-08-24T05:11:44.143129+07:00 Asus kernel: cryptd: max_cpu_qlen set to 1000
2025-08-24T05:11:44.143130+07:00 Asus kernel: ACPI: Added _OSI(Module Device)
2025-08-24T05:11:44.143130+07:00 Asus kernel: ACPI: Added _OSI(Processor Device)
2025-08-24T05:11:44.143131+07:00 Asus kernel: ACPI: Added _OSI(3.0 _SCP Extensions)
2025-08-24T05:11:44.143132+07:00 Asus kernel: ACPI: Added _OSI(Processor Aggregator Device)
2025-08-24T05:11:44.143133+07:00 Asus kernel: ACPI: 1 ACPI AML tables successfully acquired and loaded
2025-08-24T05:11:44.143134+07:00 Asus kernel: ACPI: _OSC evaluation for CPUs failed, trying _PDC
2025-08-24T05:11:44.143137+07:00 Asus kernel: ACPI: Interpreter enabled
2025-08-24T05:11:44.143139+07:00 Asus kernel: ACPI: PM: (supports S0 S5)
2025-08-24T05:11:44.143140+07:00 Asus kernel: ACPI: Using IOAPIC for interrupt routing
2025-08-24T05:11:44.143141+07:00 Asus kernel: PCI: Using host bridge windows from ACPI; if necessary, use "pci=nocrs" and report a bug
2025-08-24T05:11:44.143142+07:00 Asus kernel: PCI: Using E820 reservations for host bridge windows
2025-08-24T05:11:44.143142+07:00 Asus kernel: ACPI: Enabled 2 GPEs in block 00 to 0F
2025-08-24T05:11:44.143143+07:00 Asus kernel: iommu: Default domain type: Translated
2025-08-24T05:11:44.143144+07:00 Asus kernel: iommu: DMA domain TLB invalidation policy: lazy mode
2025-08-24T05:11:44.143145+07:00 Asus kernel: SCSI subsystem initialized
2025-08-24T05:11:44.143147+07:00 Asus kernel: libata version 3.00 loaded.
2025-08-24T05:11:44.143148+07:00 Asus kernel: pps_core: LinuxPPS API ver. 1 registered
2025-08-24T05:11:44.143149+07:00 Asus kernel: pps_core: Software ver. 5.3.6 - Copyright 2005-2007 Rodolfo Giometti <giometti@linux.it>
2025-08-24T05:11:44.143150+07:00 Asus kernel: PTP clock support registered
2025-08-24T05:11:44.143151+07:00 Asus kernel: EDAC MC: Ver: 3.0.0
2025-08-24T05:11:44.143152+07:00 Asus kernel: hv_vmbus: Vmbus version:5.3
2025-08-24T05:11:44.143153+07:00 Asus kernel: hv_vmbus: Unknown GUID: 6e382d18-3336-4f4b-acc4-2b7703d4df4a
2025-08-24T05:11:44.143154+07:00 Asus kernel: hv_vmbus: Unknown GUID: dde9cbc0-5060-4436-9448-ea1254a5d177
2025-08-24T05:11:44.143178+07:00 Asus kernel: NetLabel: Initializing
2025-08-24T05:11:44.143181+07:00 Asus kernel: NetLabel:  domain hash size = 128
2025-08-24T05:11:44.143181+07:00 Asus kernel: NetLabel:  protocols = UNLABELED CIPSOv4 CALIPSO
2025-08-24T05:11:44.143190+07:00 Asus kernel: NetLabel:  unlabeled traffic allowed by default
2025-08-24T05:11:44.143191+07:00 Asus kernel: PCI: Using ACPI for IRQ routing
2025-08-24T05:11:44.143192+07:00 Asus kernel: PCI: System does not support PCI
2025-08-24T05:11:44.143192+07:00 Asus kernel: vgaarb: loaded
2025-08-24T05:11:44.143193+07:00 Asus kernel: clocksource: Switched to clocksource tsc-early
2025-08-24T05:11:44.143194+07:00 Asus kernel: VFS: Disk quotas dquot_6.6.0
2025-08-24T05:11:44.143195+07:00 Asus kernel: VFS: Dquot-cache hash table entries: 512 (order 0, 4096 bytes)
2025-08-24T05:11:44.143209+07:00 Asus kernel: FS-Cache: Loaded
2025-08-24T05:11:44.143222+07:00 Asus kernel: pnp: PnP ACPI init
2025-08-24T05:11:44.143224+07:00 Asus kernel: pnp: PnP ACPI: found 1 devices
2025-08-24T05:11:44.143225+07:00 Asus kernel: clocksource: acpi_pm: mask: 0xffffff max_cycles: 0xffffff, max_idle_ns: 2085701024 ns
2025-08-24T05:11:44.143226+07:00 Asus kernel: NET: Registered PF_INET protocol family
2025-08-24T05:11:44.143227+07:00 Asus kernel: IP idents hash table entries: 131072 (order: 8, 1048576 bytes, linear)
2025-08-24T05:11:44.143228+07:00 Asus kernel: tcp_listen_portaddr_hash hash table entries: 4096 (order: 4, 65536 bytes, linear)
2025-08-24T05:11:44.143229+07:00 Asus kernel: Table-perturb hash table entries: 65536 (order: 6, 262144 bytes, linear)
2025-08-24T05:11:44.143230+07:00 Asus kernel: TCP established hash table entries: 65536 (order: 7, 524288 bytes, linear)
2025-08-24T05:11:44.143231+07:00 Asus kernel: TCP bind hash table entries: 65536 (order: 9, 2097152 bytes, linear)
2025-08-24T05:11:44.143232+07:00 Asus kernel: TCP: Hash tables configured (established 65536 bind 65536)
2025-08-24T05:11:44.143233+07:00 Asus kernel: UDP hash table entries: 4096 (order: 5, 131072 bytes, linear)
2025-08-24T05:11:44.143236+07:00 Asus kernel: UDP-Lite hash table entries: 4096 (order: 5, 131072 bytes, linear)
2025-08-24T05:11:44.143237+07:00 Asus kernel: NET: Registered PF_UNIX/PF_LOCAL protocol family
2025-08-24T05:11:44.143238+07:00 Asus kernel: NET: Registered PF_XDP protocol family
2025-08-24T05:11:44.143239+07:00 Asus kernel: PCI: CLS 0 bytes, default 64
2025-08-24T05:11:44.143240+07:00 Asus kernel: PCI-DMA: Using software bounce buffering for IO (SWIOTLB)
2025-08-24T05:11:44.143241+07:00 Asus kernel: software IO TLB: mapped [mem 0x00000000f4000000-0x00000000f8000000] (64MB)
2025-08-24T05:11:44.143242+07:00 Asus kernel: Trying to unpack rootfs image as initramfs...
2025-08-24T05:11:44.143243+07:00 Asus kernel: clocksource: tsc: mask: 0xffffffffffffffff max_cycles: 0x21170e57cd2, max_idle_ns: 440795263179 ns
2025-08-24T05:11:44.143244+07:00 Asus kernel: clocksource: Switched to clocksource tsc
2025-08-24T05:11:44.143245+07:00 Asus kernel: Freeing initrd memory: 2664K
2025-08-24T05:11:44.143260+07:00 Asus kernel: Initialise system trusted keyrings
2025-08-24T05:11:44.143262+07:00 Asus kernel: Key type blacklist registered
2025-08-24T05:11:44.143263+07:00 Asus kernel: workingset: timestamp_bits=36 max_order=21 bucket_order=0
2025-08-24T05:11:44.143589+07:00 Asus kernel: squashfs: version 4.0 (2009/01/31) Phillip Lougher
2025-08-24T05:11:44.143601+07:00 Asus kernel: fuse: init (API version 7.39)
2025-08-24T05:11:44.143603+07:00 Asus kernel: SGI XFS with ACLs, security attributes, realtime, verbose warnings, quota, no debug enabled
2025-08-24T05:11:44.143604+07:00 Asus kernel: 9p: Installing v9fs 9p2000 file system support
2025-08-24T05:11:44.143606+07:00 Asus kernel: Key type asymmetric registered
2025-08-24T05:11:44.143607+07:00 Asus kernel: Asymmetric key parser 'x509' registered
2025-08-24T05:11:44.143608+07:00 Asus kernel: Block layer SCSI generic (bsg) driver version 0.4 loaded (major 245)
2025-08-24T05:11:44.143609+07:00 Asus kernel: io scheduler mq-deadline registered
2025-08-24T05:11:44.143610+07:00 Asus kernel: io scheduler kyber registered
2025-08-24T05:11:44.143611+07:00 Asus kernel: hv_vmbus: registering driver hv_pci
2025-08-24T05:11:44.143612+07:00 Asus kernel: hv_pci c4b741f5-5582-4c98-8f8b-2e082933c396: PCI VMBus probing: Using version 0x10004
2025-08-24T05:11:44.143613+07:00 Asus kernel: hv_pci c4b741f5-5582-4c98-8f8b-2e082933c396: PCI host bridge to bus 5582:00
2025-08-24T05:11:44.143634+07:00 Asus kernel: pci_bus 5582:00: root bus resource [mem 0x9ffe00000-0x9ffe02fff window]
2025-08-24T05:11:44.143636+07:00 Asus kernel: pci_bus 5582:00: No busn resource found for root bus, will use [bus 00-ff]
2025-08-24T05:11:44.143637+07:00 Asus kernel: pci 5582:00:00.0: [1af4:1043] type 00 class 0x010000
2025-08-24T05:11:44.143638+07:00 Asus kernel: pci 5582:00:00.0: reg 0x10: [mem 0x9ffe00000-0x9ffe00fff 64bit]
2025-08-24T05:11:44.143639+07:00 Asus kernel: pci 5582:00:00.0: reg 0x18: [mem 0x9ffe01000-0x9ffe01fff 64bit]
2025-08-24T05:11:44.143640+07:00 Asus kernel: pci 5582:00:00.0: reg 0x20: [mem 0x9ffe02000-0x9ffe02fff 64bit]
2025-08-24T05:11:44.143641+07:00 Asus kernel: pci_bus 5582:00: busn_res: [bus 00-ff] end is updated to 00
2025-08-24T05:11:44.143642+07:00 Asus kernel: pci 5582:00:00.0: BAR 0: assigned [mem 0x9ffe00000-0x9ffe00fff 64bit]
2025-08-24T05:11:44.143643+07:00 Asus kernel: pci 5582:00:00.0: BAR 2: assigned [mem 0x9ffe01000-0x9ffe01fff 64bit]
2025-08-24T05:11:44.143644+07:00 Asus kernel: pci 5582:00:00.0: BAR 4: assigned [mem 0x9ffe02000-0x9ffe02fff 64bit]
2025-08-24T05:11:44.143645+07:00 Asus kernel: hv_pci 2868a881-0de1-4019-b883-9c5454b8d250: PCI VMBus probing: Using version 0x10004
2025-08-24T05:11:44.143646+07:00 Asus kernel: hv_pci 2868a881-0de1-4019-b883-9c5454b8d250: PCI host bridge to bus 0de1:00
2025-08-24T05:11:44.143647+07:00 Asus kernel: pci_bus 0de1:00: No busn resource found for root bus, will use [bus 00-ff]
2025-08-24T05:11:44.143648+07:00 Asus kernel: pci 0de1:00:00.0: [1414:008e] type 00 class 0x030200
2025-08-24T05:11:44.143649+07:00 Asus kernel: pci_bus 0de1:00: busn_res: [bus 00-ff] end is updated to 00
2025-08-24T05:11:44.143650+07:00 Asus kernel: ioatdma: Intel(R) QuickData Technology Driver 5.00
2025-08-24T05:11:44.143651+07:00 Asus kernel: virtio-pci 5582:00:00.0: enabling device (0000 -> 0002)
2025-08-24T05:11:44.143651+07:00 Asus kernel: Serial: 8250/16550 driver, 8 ports, IRQ sharing enabled
2025-08-24T05:11:44.143652+07:00 Asus kernel: Linux agpgart interface v0.103
2025-08-24T05:11:44.143653+07:00 Asus kernel: AMD-Vi: AMD IOMMUv2 functionality not available on this system - This is not a bug.
2025-08-24T05:11:44.143654+07:00 Asus kernel: ACPI: bus type drm_connector registered
2025-08-24T05:11:44.143654+07:00 Asus kernel: printk: console [hvc0] enabled
2025-08-24T05:11:44.143655+07:00 Asus kernel: brd: module loaded
2025-08-24T05:11:44.143656+07:00 Asus kernel: loop: module loaded
2025-08-24T05:11:44.143656+07:00 Asus kernel: Loading iSCSI transport class v2.0-870.
2025-08-24T05:11:44.143657+07:00 Asus kernel: rdac: device handler registered
2025-08-24T05:11:44.143658+07:00 Asus kernel: Microchip SmartPQI Driver (v2.1.24-046)
2025-08-24T05:11:44.143659+07:00 Asus kernel: VMware PVSCSI driver - version 1.0.7.0-k
2025-08-24T05:11:44.143660+07:00 Asus kernel: hv_vmbus: registering driver hv_storvsc
2025-08-24T05:11:44.143661+07:00 Asus kernel: scsi host0: storvsc_host_t
2025-08-24T05:11:44.143661+07:00 Asus kernel: PPP generic driver version 2.4.2
2025-08-24T05:11:44.143662+07:00 Asus kernel: VMware vmxnet3 virtual NIC driver - version 1.7.0.0-k-NAPI
2025-08-24T05:11:44.143663+07:00 Asus kernel: hv_vmbus: registering driver hv_netvsc
2025-08-24T05:11:44.143664+07:00 Asus kernel: Fusion MPT base driver 3.04.20
2025-08-24T05:11:44.143664+07:00 Asus kernel: Copyright (c) 1999-2008 LSI Corporation
2025-08-24T05:11:44.143665+07:00 Asus kernel: Fusion MPT SPI Host driver 3.04.20
2025-08-24T05:11:44.143666+07:00 Asus kernel: Fusion MPT SAS Host driver 3.04.20
2025-08-24T05:11:44.143666+07:00 Asus kernel: Fusion MPT misc device (ioctl) driver 3.04.20
2025-08-24T05:11:44.143667+07:00 Asus kernel: mptctl: Registered with Fusion MPT base driver
2025-08-24T05:11:44.143668+07:00 Asus kernel: mptctl: /dev/mptctl @ (major,minor=10,220)
2025-08-24T05:11:44.143668+07:00 Asus kernel: i8042: PNP: No PS/2 controller found.
2025-08-24T05:11:44.143764+07:00 Asus kernel: hv_vmbus: registering driver hyperv_keyboard
2025-08-24T05:11:44.143765+07:00 Asus kernel: rtc_cmos 00:00: RTC can wake from S4
2025-08-24T05:11:44.143766+07:00 Asus kernel: rtc_cmos 00:00: registered as rtc0
2025-08-24T05:11:44.143767+07:00 Asus kernel: rtc_cmos 00:00: setting system clock to 2025-08-23T22:11:39 UTC (1755987099)
2025-08-24T05:11:44.143767+07:00 Asus kernel: rtc_cmos 00:00: alarms up to one month, 114 bytes nvram
2025-08-24T05:11:44.143768+07:00 Asus kernel: device-mapper: core: CONFIG_IMA_DISABLE_HTABLE is disabled. Duplicate IMA measurements will not be recorded in the IMA log.
2025-08-24T05:11:44.143769+07:00 Asus kernel: device-mapper: uevent: version 1.0.3
2025-08-24T05:11:44.143770+07:00 Asus kernel: device-mapper: ioctl: 4.48.0-ioctl (2023-03-01) initialised: dm-devel@redhat.com
2025-08-24T05:11:44.143786+07:00 Asus kernel: hv_utils: Registering HyperV Utility Driver
2025-08-24T05:11:44.143787+07:00 Asus kernel: hv_vmbus: registering driver hv_utils
2025-08-24T05:11:44.143787+07:00 Asus kernel: hv_vmbus: registering driver hv_balloon
2025-08-24T05:11:44.143788+07:00 Asus kernel: hv_vmbus: registering driver dxgkrnl
2025-08-24T05:11:44.143789+07:00 Asus kernel: hv_utils: TimeSync IC version 4.0
2025-08-24T05:11:44.143790+07:00 Asus kernel: hv_balloon: Using Dynamic Memory protocol version 2.0
2025-08-24T05:11:44.143791+07:00 Asus kernel: Free page reporting enabled
2025-08-24T05:11:44.143800+07:00 Asus kernel: hv_balloon: Cold memory discard hint enabled with order 9
2025-08-24T05:11:44.143801+07:00 Asus kernel: drop_monitor: Initializing network drop monitor service
2025-08-24T05:11:44.143802+07:00 Asus kernel: NET: Registered PF_INET6 protocol family
2025-08-24T05:11:44.143813+07:00 Asus kernel: Segment Routing with IPv6
2025-08-24T05:11:44.143814+07:00 Asus kernel: In-situ OAM (IOAM) with IPv6
2025-08-24T05:11:44.143815+07:00 Asus kernel: NET: Registered PF_PACKET protocol family
2025-08-24T05:11:44.143816+07:00 Asus kernel: 9pnet: Installing 9P2000 support
2025-08-24T05:11:44.143817+07:00 Asus kernel: NET: Registered PF_VSOCK protocol family
2025-08-24T05:11:44.143817+07:00 Asus kernel: hv_vmbus: registering driver hv_sock
2025-08-24T05:11:44.143819+07:00 Asus kernel: IPI shorthand broadcast: enabled
2025-08-24T05:11:44.143820+07:00 Asus kernel: AVX2 version of gcm_enc/dec engaged.
2025-08-24T05:11:44.143821+07:00 Asus kernel: AES CTR mode by8 optimization enabled
2025-08-24T05:11:44.143936+07:00 Asus kernel: sched_clock: Marking stable (484011282, 635289)->(520659251, -36012680)
2025-08-24T05:11:44.143940+07:00 Asus kernel: registered taskstats version 1
2025-08-24T05:11:44.143941+07:00 Asus kernel: Loading compiled-in X.509 certificates
2025-08-24T05:11:44.143941+07:00 Asus kernel: ima: No TPM chip found, activating TPM-bypass!
2025-08-24T05:11:44.143942+07:00 Asus kernel: ima: Allocated hash algorithm: sha256
2025-08-24T05:11:44.143943+07:00 Asus kernel: ima: No architecture policies found
2025-08-24T05:11:44.143943+07:00 Asus kernel: RAS: Correctable Errors collector initialized.
2025-08-24T05:11:44.143944+07:00 Asus kernel: clk: Disabling unused clocks
2025-08-24T05:11:44.143945+07:00 Asus kernel: Freeing unused decrypted memory: 2028K
2025-08-24T05:11:44.143946+07:00 Asus kernel: Freeing unused kernel image (initmem) memory: 4492K
2025-08-24T05:11:44.143947+07:00 Asus kernel: Write protecting the kernel read-only data: 34816k
2025-08-24T05:11:44.143948+07:00 Asus kernel: Freeing unused kernel image (rodata/data gap) memory: 840K
2025-08-24T05:11:44.143949+07:00 Asus kernel: Run /init as init process
2025-08-24T05:11:44.143950+07:00 Asus kernel:   with arguments:
2025-08-24T05:11:44.143950+07:00 Asus kernel:     /init
2025-08-24T05:11:44.143951+07:00 Asus kernel:   with environment:
2025-08-24T05:11:44.143952+07:00 Asus kernel:     HOME=/
2025-08-24T05:11:44.143953+07:00 Asus kernel:     TERM=linux
2025-08-24T05:11:44.143954+07:00 Asus kernel:     WSL_ROOT_INIT=1
2025-08-24T05:11:44.143955+07:00 Asus kernel:     WSL_ENABLE_CRASH_DUMP=1
2025-08-24T05:11:44.143955+07:00 Asus kernel: hv_vmbus: Unknown GUID: 6e382d18-3336-4f4b-acc4-2b7703d4df4a
2025-08-24T05:11:44.143956+07:00 Asus kernel: hv_pci e11d4f1f-d324-4592-84a6-6464e5bd16ff: PCI VMBus probing: Using version 0x10004
2025-08-24T05:11:44.143957+07:00 Asus kernel: hv_pci e11d4f1f-d324-4592-84a6-6464e5bd16ff: PCI host bridge to bus d324:00
2025-08-24T05:11:44.143958+07:00 Asus kernel: pci_bus d324:00: No busn resource found for root bus, will use [bus 00-ff]
2025-08-24T05:11:44.143959+07:00 Asus kernel: pci d324:00:00.0: [1414:008e] type 00 class 0x030200
2025-08-24T05:11:44.143959+07:00 Asus kernel: scsi 0:0:0:0: Direct-Access     Msft     Virtual Disk     1.0  PQ: 0 ANSI: 5
2025-08-24T05:11:44.143960+07:00 Asus kernel: pci_bus d324:00: busn_res: [bus 00-ff] end is updated to 00
2025-08-24T05:11:44.143975+07:00 Asus kernel: scsi 0:0:0:1: Direct-Access     Msft     Virtual Disk     1.0  PQ: 0 ANSI: 5
2025-08-24T05:11:44.143976+07:00 Asus kernel: sd 0:0:0:0: Attached scsi generic sg0 type 0
2025-08-24T05:11:44.143977+07:00 Asus kernel: sd 0:0:0:0: [sda] 795536 512-byte logical blocks: (407 MB/388 MiB)
2025-08-24T05:11:44.143978+07:00 Asus kernel: sd 0:0:0:1: Attached scsi generic sg1 type 0
2025-08-24T05:11:44.143979+07:00 Asus kernel: sd 0:0:0:1: [sdb] 381016 512-byte logical blocks: (195 MB/186 MiB)
2025-08-24T05:11:44.144089+07:00 Asus kernel: sd 0:0:0:0: [sda] Write Protect is on
2025-08-24T05:11:44.144093+07:00 Asus kernel: sd 0:0:0:0: [sda] Mode Sense: 0f 00 80 00
2025-08-24T05:11:44.144094+07:00 Asus kernel: sd 0:0:0:0: [sda] Write cache: disabled, read cache: enabled, doesn't support DPO or FUA
2025-08-24T05:11:44.144094+07:00 Asus kernel: sd 0:0:0:1: [sdb] Write Protect is on
2025-08-24T05:11:44.144095+07:00 Asus kernel: sd 0:0:0:1: [sdb] Mode Sense: 0f 00 80 00
2025-08-24T05:11:44.144096+07:00 Asus kernel: sd 0:0:0:1: [sdb] Write cache: disabled, read cache: enabled, doesn't support DPO or FUA
2025-08-24T05:11:44.144096+07:00 Asus kernel: sd 0:0:0:0: [sda] Attached SCSI disk
2025-08-24T05:11:44.144097+07:00 Asus kernel: sd 0:0:0:1: [sdb] Attached SCSI disk
2025-08-24T05:11:44.144098+07:00 Asus kernel: scsi 0:0:0:2: Direct-Access     Msft     Virtual Disk     1.0  PQ: 0 ANSI: 5
2025-08-24T05:11:44.144098+07:00 Asus kernel: sd 0:0:0:2: Attached scsi generic sg2 type 0
2025-08-24T05:11:44.144099+07:00 Asus kernel: sd 0:0:0:2: [sdc] 4194312 512-byte logical blocks: (2.15 GB/2.00 GiB)
2025-08-24T05:11:44.144100+07:00 Asus kernel: sd 0:0:0:2: [sdc] 4096-byte physical blocks
2025-08-24T05:11:44.144100+07:00 Asus kernel: sd 0:0:0:2: [sdc] Write Protect is off
2025-08-24T05:11:44.144101+07:00 Asus kernel: sd 0:0:0:2: [sdc] Mode Sense: 0f 00 00 00
2025-08-24T05:11:44.144102+07:00 Asus kernel: sd 0:0:0:2: [sdc] Write cache: enabled, read cache: enabled, doesn't support DPO or FUA
2025-08-24T05:11:44.144103+07:00 Asus kernel: sd 0:0:0:2: [sdc] Attached SCSI disk
2025-08-24T05:11:44.144103+07:00 Asus kernel: EXT4-fs (sda): mounted filesystem 00000000-0000-0000-0000-000000000000 ro without journal. Quota mode: none.
2025-08-24T05:11:44.144104+07:00 Asus kernel: EXT4-fs (sdb): mounted filesystem 00000000-0000-0000-0000-000000000000 ro without journal. Quota mode: none.
2025-08-24T05:11:44.144105+07:00 Asus kernel: tun: Universal TUN/TAP device driver, 1.6
2025-08-24T05:11:44.144106+07:00 Asus kernel: Adding 2097152k swap on /dev/sdc.  Priority:-2 extents:1 across:2097152k 
2025-08-24T05:11:44.144107+07:00 Asus kernel: bridge: filtering via arp/ip/ip6tables is no longer available by default. Update your scripts to load br_netfilter if you need this.
2025-08-24T05:11:44.144108+07:00 Asus kernel: Bridge firewalling registered
2025-08-24T05:11:44.144109+07:00 Asus kernel: hv_pci f413ea5c-1200-4d92-a83b-6d029638f15b: PCI VMBus probing: Using version 0x10004
2025-08-24T05:11:44.144109+07:00 Asus kernel: hv_pci f413ea5c-1200-4d92-a83b-6d029638f15b: PCI host bridge to bus 1200:00
2025-08-24T05:11:44.144128+07:00 Asus kernel: pci_bus 1200:00: root bus resource [mem 0xc00000000-0xe00001fff window]
2025-08-24T05:11:44.144129+07:00 Asus kernel: pci_bus 1200:00: No busn resource found for root bus, will use [bus 00-ff]
2025-08-24T05:11:44.144130+07:00 Asus kernel: pci 1200:00:00.0: [1af4:105a] type 00 class 0x088000
2025-08-24T05:11:44.144131+07:00 Asus kernel: pci 1200:00:00.0: reg 0x10: [mem 0xe00000000-0xe00000fff 64bit]
2025-08-24T05:11:44.144132+07:00 Asus kernel: pci 1200:00:00.0: reg 0x18: [mem 0xe00001000-0xe00001fff 64bit]
2025-08-24T05:11:44.144133+07:00 Asus kernel: pci 1200:00:00.0: reg 0x20: [mem 0xc00000000-0xdffffffff 64bit]
2025-08-24T05:11:44.144134+07:00 Asus kernel: pci_bus 1200:00: busn_res: [bus 00-ff] end is updated to 00
2025-08-24T05:11:44.144134+07:00 Asus kernel: pci 1200:00:00.0: BAR 4: assigned [mem 0xc00000000-0xdffffffff 64bit]
2025-08-24T05:11:44.144135+07:00 Asus kernel: pci 1200:00:00.0: BAR 0: assigned [mem 0xe00000000-0xe00000fff 64bit]
2025-08-24T05:11:44.144136+07:00 Asus kernel: pci 1200:00:00.0: BAR 2: assigned [mem 0xe00001000-0xe00001fff 64bit]
2025-08-24T05:11:44.144137+07:00 Asus kernel: virtio-pci 1200:00:00.0: enabling device (0000 -> 0002)
2025-08-24T05:11:44.144138+07:00 Asus kernel: virtiofs virtio1: Cache len: 0x200000000 @ 0xc00000000
2025-08-24T05:11:44.144138+07:00 Asus kernel: scsi 0:0:0:3: Direct-Access     Msft     Virtual Disk     1.0  PQ: 0 ANSI: 5
2025-08-24T05:11:44.144139+07:00 Asus kernel: sd 0:0:0:3: Attached scsi generic sg3 type 0
2025-08-24T05:11:44.144140+07:00 Asus kernel: sd 0:0:0:3: [sdd] 2147483648 512-byte logical blocks: (1.10 TB/1.00 TiB)
2025-08-24T05:11:44.144140+07:00 Asus kernel: sd 0:0:0:3: [sdd] 4096-byte physical blocks
2025-08-24T05:11:44.144141+07:00 Asus kernel: sd 0:0:0:3: [sdd] Write Protect is off
2025-08-24T05:11:44.144142+07:00 Asus kernel: sd 0:0:0:3: [sdd] Mode Sense: 0f 00 00 00
2025-08-24T05:11:44.144143+07:00 Asus kernel: sd 0:0:0:3: [sdd] Write cache: enabled, read cache: enabled, doesn't support DPO or FUA
2025-08-24T05:11:44.144143+07:00 Asus kernel: sd 0:0:0:3: [sdd] Attached SCSI disk
2025-08-24T05:11:44.144144+07:00 Asus kernel: EXT4-fs (sdd): mounted filesystem d09f90d7-86ad-4595-964a-57d97319f2dd r/w with ordered data mode. Quota mode: none.
2025-08-24T05:11:44.144145+07:00 Asus kernel: pulseaudio[247]: memfd_create() called without MFD_EXEC or MFD_NOEXEC_SEAL set
2025-08-24T05:11:44.144145+07:00 Asus kernel: misc dxg: dxgk: dxgkio_is_feature_enabled: Ioctl failed: -22
2025-08-24T05:11:44.144146+07:00 Asus kernel: misc dxg: dxgk: dxgkio_query_adapter_info: Ioctl failed: -22
2025-08-24T05:11:44.144149+07:00 Asus kernel: message repeated 2 times: [ misc dxg: dxgk: dxgkio_query_adapter_info: Ioctl failed: -22]
2025-08-24T05:11:44.144150+07:00 Asus kernel: misc dxg: dxgk: dxgkio_query_adapter_info: Ioctl failed: -2
2025-08-24T05:11:44.144202+07:00 Asus kernel: misc dxg: dxgk: dxgkio_query_adapter_info: Ioctl failed: -22
2025-08-24T05:11:44.144229+07:00 Asus kernel: message repeated 2 times: [ misc dxg: dxgk: dxgkio_query_adapter_info: Ioctl failed: -22]
2025-08-24T05:11:44.144231+07:00 Asus kernel: misc dxg: dxgk: dxgkio_query_adapter_info: Ioctl failed: -2
2025-08-24T05:11:44.144234+07:00 Asus kernel: Failed to connect to bus: No such file or directory
2025-08-24T05:11:44.144237+07:00 Asus kernel: systemd-journald[57]: Collecting audit messages is disabled.
2025-08-24T05:11:44.144238+07:00 Asus kernel: systemd-journald[57]: Received client request to flush runtime journal.
2025-08-24T05:11:44.144239+07:00 Asus kernel: systemd-journald[57]: File /var/log/journal/3820e9de8d2a4926981b45212fb08369/system.journal corrupted or uncleanly shut down, renaming and replacing.
2025-08-24T05:11:44.144240+07:00 Asus kernel: ACPI: AC: AC Adapter [AC1] (on-line)
2025-08-24T05:11:44.144242+07:00 Asus kernel: ACPI: battery: Slot [BAT1] (battery present)
2025-08-24T05:11:44.144243+07:00 Asus kernel: kvm_amd: TSC scaling supported
2025-08-24T05:11:44.144244+07:00 Asus kernel: kvm_amd: Nested Virtualization enabled
2025-08-24T05:11:44.144245+07:00 Asus kernel: kvm_amd: Nested Paging enabled
2025-08-24T05:11:44.144257+07:00 Asus kernel: kvm_amd: kvm_amd: Hyper-V enlightened NPT TLB flush enabled
2025-08-24T05:11:44.144258+07:00 Asus kernel: kvm_amd: kvm_amd: Hyper-V Direct TLB Flush enabled
2025-08-24T05:11:44.144259+07:00 Asus kernel: kvm_amd: Virtual VMLOAD VMSAVE supported
2025-08-24T05:11:44.252776+07:00 Asus wsl-pro-service[196]: #033[36mINFO#033[0m Starting WSL Pro Service version v0.1.4
2025-08-24T05:11:44.253000+07:00 Asus wsl-pro-service[196]: #033[37mDEBUG#033[0m Debug mode is enabled
2025-08-24T05:11:44.253050+07:00 Asus wsl-pro-service[196]: #033[37mDEBUG#033[0m Building new daemon
2025-08-24T05:11:44.253114+07:00 Asus systemd[1]: Cannot find unit for notify message of PID 277, ignoring.
2025-08-24T05:11:44.253907+07:00 Asus systemd[1]: Cannot find unit for notify message of PID 282, ignoring.
2025-08-24T05:11:44.258062+07:00 Asus snapd[186]: overlord.go:284: Acquiring state lock file
2025-08-24T05:11:44.258215+07:00 Asus snapd[186]: overlord.go:289: Acquired state lock file
2025-08-24T05:11:44.283423+07:00 Asus snapd[186]: daemon.go:250: started snapd/2.68.5+ubuntu24.04.1 (series 16; classic; devmode; wsl) ubuntu/24.04 (amd64) linux/6.6.87.2-microsoft-standa.
2025-08-24T05:11:44.307405+07:00 Asus systemd[1]: Started php8.3-fpm.service - The PHP 8.3 FastCGI Process Manager.
2025-08-24T05:11:44.331866+07:00 Asus snapd[186]: daemon.go:353: adjusting startup timeout by 30s (pessimistic estimate of 30s plus 5s per snap)
2025-08-24T05:11:44.332624+07:00 Asus systemd[1]: tmp-syscheck\x2dmountpoint\x2d1053913890.mount: Deactivated successfully.
2025-08-24T05:11:44.334826+07:00 Asus systemd[1]: phpsessionclean.service: Deactivated successfully.
2025-08-24T05:11:44.334945+07:00 Asus systemd[1]: Finished phpsessionclean.service - Clean php session files.
2025-08-24T05:11:44.336057+07:00 Asus snapd[186]: backends.go:68: AppArmor status: apparmor not enabled
2025-08-24T05:11:44.347846+07:00 Asus wsl-pro-service[196]: #033[37mDEBUG#033[0m Ready state sent to systemd
2025-08-24T05:11:44.347993+07:00 Asus wsl-pro-service[196]: #033[36mINFO#033[0m Daemon: connecting to Windows Agent
2025-08-24T05:11:44.348042+07:00 Asus wsl-pro-service[196]: #033[37mDEBUG#033[0m Updated systemd status to "Connecting"
2025-08-24T05:11:44.348260+07:00 Asus systemd[1]: Started wsl-pro.service - Bridge to Ubuntu Pro agent on Windows.
2025-08-24T05:11:44.351966+07:00 Asus wsl-pro-service[196]: #033[33mWARNING#033[0m Daemon: could not connect to Windows Agent: could not get address: could not read agent port file "/mnt/c/Users/hafiz/.ubuntupro/.address": open /mnt/c/Users/hafiz/.ubuntupro/.address: no such file or directory
2025-08-24T05:11:44.352087+07:00 Asus wsl-pro-service[196]: #033[36mINFO#033[0m Reconnecting to Windows host in 1 seconds
2025-08-24T05:11:44.352191+07:00 Asus wsl-pro-service[196]: #033[37mDEBUG#033[0m Updated systemd status to "Not connected: waiting to retry"
2025-08-24T05:11:44.416113+07:00 Asus systemd[1]: Started snapd.service - Snap Daemon.
2025-08-24T05:11:44.423654+07:00 Asus dbus-daemon[176]: [system] Activating via systemd: service name='org.freedesktop.timedate1' unit='dbus-org.freedesktop.timedate1.service' requested by ':1.5' (uid=0 pid=186 comm="/usr/lib/snapd/snapd" label="kernel")
2025-08-24T05:11:44.434040+07:00 Asus systemd[1]: Starting systemd-timedated.service - Time & Date Service...
2025-08-24T05:11:44.505444+07:00 Asus dbus-daemon[176]: [system] Successfully activated service 'org.freedesktop.timedate1'
2025-08-24T05:11:44.505622+07:00 Asus systemd[1]: Started systemd-timedated.service - Time & Date Service.
2025-08-24T05:11:44.525805+07:00 Asus systemd[1]: Finished snapd.seeded.service - Wait until snapd is fully seeded.
2025-08-24T05:11:44.527674+07:00 Asus systemd[1]: snapd.autoimport.service - Auto import assertions from block devices was skipped because no trigger condition checks were met.
2025-08-24T05:11:45.266844+07:00 Asus landscape-config[179]: Registered:    False
2025-08-24T05:11:45.267033+07:00 Asus landscape-config[179]: Config Path:   /etc/landscape/client.conf
2025-08-24T05:11:45.267117+07:00 Asus landscape-config[179]: Data Path      /var/lib/landscape/client
2025-08-24T05:11:45.352864+07:00 Asus wsl-pro-service[196]: #033[36mINFO#033[0m Daemon: connecting to Windows Agent
2025-08-24T05:11:45.353007+07:00 Asus wsl-pro-service[196]: #033[37mDEBUG#033[0m Updated systemd status to "Connecting"
2025-08-24T05:11:45.354907+07:00 Asus wsl-pro-service[196]: #033[33mWARNING#033[0m Daemon: could not connect to Windows Agent: could not get address: could not read agent port file "/mnt/c/Users/hafiz/.ubuntupro/.address": open /mnt/c/Users/hafiz/.ubuntupro/.address: no such file or directory
2025-08-24T05:11:45.355061+07:00 Asus wsl-pro-service[196]: #033[36mINFO#033[0m Reconnecting to Windows host in 2 seconds
2025-08-24T05:11:45.355189+07:00 Asus wsl-pro-service[196]: #033[37mDEBUG#033[0m Updated systemd status to "Not connected: waiting to retry"
2025-08-24T05:11:45.386972+07:00 Asus systemd[1]: landscape-client.service: Skipped due to 'exec-condition'.
2025-08-24T05:11:45.387181+07:00 Asus systemd[1]: Condition check resulted in landscape-client.service - Landscape client daemons being skipped.
2025-08-24T05:11:46.129366+07:00 Asus systemd[1]: Started mysql.service - MySQL Community Server.
2025-08-24T05:11:46.130295+07:00 Asus systemd[1]: Reached target multi-user.target - Multi-User System.
2025-08-24T05:11:46.130960+07:00 Asus systemd[1]: Reached target graphical.target - Graphical Interface.
2025-08-24T05:11:46.164989+07:00 Asus systemd[1]: Starting systemd-update-utmp-runlevel.service - Record Runlevel Change in UTMP...
2025-08-24T05:11:46.176236+07:00 Asus systemd[1]: systemd-update-utmp-runlevel.service: Deactivated successfully.
2025-08-24T05:11:46.176733+07:00 Asus systemd[1]: Finished systemd-update-utmp-runlevel.service - Record Runlevel Change in UTMP.
2025-08-24T05:11:46.177801+07:00 Asus systemd[1]: Startup finished in 3.589s.
2025-08-24T05:11:46.809355+07:00 Asus systemd[1]: dmesg.service: Deactivated successfully.
2025-08-24T05:11:47.355789+07:00 Asus wsl-pro-service[196]: #033[36mINFO#033[0m Daemon: connecting to Windows Agent
2025-08-24T05:11:47.355998+07:00 Asus wsl-pro-service[196]: #033[37mDEBUG#033[0m Updated systemd status to "Connecting"
2025-08-24T05:11:47.359671+07:00 Asus wsl-pro-service[196]: #033[33mWARNING#033[0m Daemon: could not connect to Windows Agent: could not get address: could not read agent port file "/mnt/c/Users/hafiz/.ubuntupro/.address": open /mnt/c/Users/hafiz/.ubuntupro/.address: no such file or directory
2025-08-24T05:11:47.359970+07:00 Asus wsl-pro-service[196]: #033[36mINFO#033[0m Reconnecting to Windows host in 4 seconds
2025-08-24T05:11:47.360099+07:00 Asus wsl-pro-service[196]: #033[37mDEBUG#033[0m Updated systemd status to "Not connected: waiting to retry"
2025-08-24T05:11:47.558670+07:00 Asus systemd[1]: Created slice user-1000.slice - User Slice of UID 1000.
2025-08-24T05:11:47.561668+07:00 Asus systemd[1]: Starting user-runtime-dir@1000.service - User Runtime Directory /run/user/1000...
2025-08-24T05:11:47.605057+07:00 Asus systemd[1]: Finished user-runtime-dir@1000.service - User Runtime Directory /run/user/1000.
2025-08-24T05:11:47.608463+07:00 Asus systemd[1]: Starting user@1000.service - User Manager for UID 1000...
2025-08-24T05:11:47.928701+07:00 Asus systemd[550]: Queued start job for default target default.target.
2025-08-24T05:11:47.938506+07:00 Asus kernel: WSL (219) ERROR: CheckConnection: getaddrinfo() failed: -5
2025-08-24T05:11:47.939101+07:00 Asus kernel: systemd-journald[57]: File /var/log/journal/3820e9de8d2a4926981b45212fb08369/user-1000.journal corrupted or uncleanly shut down, renaming and replacing.
2025-08-24T05:11:47.996871+07:00 Asus systemd[550]: Created slice app.slice - User Application Slice.
2025-08-24T05:11:47.997658+07:00 Asus systemd[550]: Started launchpadlib-cache-clean.timer - Clean up old files in the Launchpadlib cache.
2025-08-24T05:11:47.998238+07:00 Asus systemd[550]: Reached target paths.target - Paths.
2025-08-24T05:11:47.999396+07:00 Asus systemd[550]: Reached target timers.target - Timers.
2025-08-24T05:11:47.999539+07:00 Asus systemd[550]: Starting dbus.socket - D-Bus User Message Bus Socket...
2025-08-24T05:11:47.999639+07:00 Asus systemd[550]: Listening on dirmngr.socket - GnuPG network certificate management daemon.
2025-08-24T05:11:47.999732+07:00 Asus systemd[550]: Listening on gpg-agent-browser.socket - GnuPG cryptographic agent and passphrase cache (access for web browsers).
2025-08-24T05:11:47.999818+07:00 Asus systemd[550]: Listening on gpg-agent-extra.socket - GnuPG cryptographic agent and passphrase cache (restricted).
2025-08-24T05:11:47.999971+07:00 Asus systemd[550]: Starting gpg-agent-ssh.socket - GnuPG cryptographic agent (ssh-agent emulation)...
2025-08-24T05:11:48.000076+07:00 Asus systemd[550]: Listening on gpg-agent.socket - GnuPG cryptographic agent and passphrase cache.
2025-08-24T05:11:48.000169+07:00 Asus systemd[550]: Listening on keyboxd.socket - GnuPG public key management service.
2025-08-24T05:11:48.000323+07:00 Asus systemd[550]: Listening on pk-debconf-helper.socket - debconf communication socket.
2025-08-24T05:11:48.000430+07:00 Asus systemd[550]: Listening on snapd.session-agent.socket - REST API socket for snapd user session agent.
2025-08-24T05:11:48.000600+07:00 Asus systemd[550]: Listening on dbus.socket - D-Bus User Message Bus Socket.
2025-08-24T05:11:48.000705+07:00 Asus systemd[550]: Listening on gpg-agent-ssh.socket - GnuPG cryptographic agent (ssh-agent emulation).
2025-08-24T05:11:48.000805+07:00 Asus systemd[550]: Reached target sockets.target - Sockets.
2025-08-24T05:11:48.000906+07:00 Asus systemd[550]: Reached target basic.target - Basic System.
2025-08-24T05:11:48.001031+07:00 Asus systemd[550]: Reached target default.target - Main User Target.
2025-08-24T05:11:48.001136+07:00 Asus systemd[550]: Startup finished in 364ms.
2025-08-24T05:11:48.002038+07:00 Asus systemd[1]: Started user@1000.service - User Manager for UID 1000.
2025-08-24T05:11:48.005779+07:00 Asus systemd[1]: Started session-1.scope - Session 1 of User hafiz.
2025-08-24T05:11:49.424893+07:00 Asus snapd[186]: daemon.go:548: gracefully waiting for running hooks
2025-08-24T05:11:49.425123+07:00 Asus snapd[186]: daemon.go:550: done waiting for running hooks
2025-08-24T05:11:51.362713+07:00 Asus wsl-pro-service[196]: #033[36mINFO#033[0m Daemon: connecting to Windows Agent
2025-08-24T05:11:51.363193+07:00 Asus wsl-pro-service[196]: #033[37mDEBUG#033[0m Updated systemd status to "Connecting"
2025-08-24T05:11:51.364533+07:00 Asus wsl-pro-service[196]: #033[33mWARNING#033[0m Daemon: could not connect to Windows Agent: could not get address: could not read agent port file "/mnt/c/Users/hafiz/.ubuntupro/.address": open /mnt/c/Users/hafiz/.ubuntupro/.address: no such file or directory
2025-08-24T05:11:51.364630+07:00 Asus wsl-pro-service[196]: #033[36mINFO#033[0m Reconnecting to Windows host in 8 seconds
2025-08-24T05:11:51.364670+07:00 Asus wsl-pro-service[196]: #033[37mDEBUG#033[0m Updated systemd status to "Not connected: waiting to retry"
2025-08-24T05:11:52.425830+07:00 Asus snapd[186]: overlord.go:528: Released state lock file
2025-08-24T05:11:52.425941+07:00 Asus snapd[186]: daemon stop requested to wait for socket activation
2025-08-24T05:11:52.435064+07:00 Asus systemd[1]: snapd.service: Deactivated successfully.
2025-08-24T05:11:53.565125+07:00 Asus systemd[1]: Starting e2scrub_all.service - Online ext4 Metadata Check for All Filesystems...
2025-08-24T05:11:53.570925+07:00 Asus systemd[1]: e2scrub_all.service: Deactivated successfully.
2025-08-24T05:11:53.571319+07:00 Asus systemd[1]: Finished e2scrub_all.service - Online ext4 Metadata Check for All Filesystems.
2025-08-24T05:11:59.372412+07:00 Asus wsl-pro-service[196]: #033[36mINFO#033[0m Daemon: connecting to Windows Agent
2025-08-24T05:11:59.372583+07:00 Asus wsl-pro-service[196]: #033[37mDEBUG#033[0m Updated systemd status to "Connecting"
2025-08-24T05:11:59.375236+07:00 Asus wsl-pro-service[196]: #033[33mWARNING#033[0m Daemon: could not connect to Windows Agent: could not get address: could not read agent port file "/mnt/c/Users/hafiz/.ubuntupro/.address": open /mnt/c/Users/hafiz/.ubuntupro/.address: no such file or directory
2025-08-24T05:11:59.375384+07:00 Asus wsl-pro-service[196]: #033[36mINFO#033[0m Reconnecting to Windows host in 16 seconds
2025-08-24T05:11:59.375514+07:00 Asus wsl-pro-service[196]: #033[37mDEBUG#033[0m Updated systemd status to "Not connected: waiting to retry"
2025-08-24T06:39:40.886447+07:00 Asus systemd[1]: Finished keyboard-setup.service - Set the console keyboard layout.
2025-08-24T06:39:40.887471+07:00 Asus kernel: Linux version 6.6.87.2-microsoft-standard-WSL2 (root@439a258ad544) (gcc (GCC) 11.2.0, GNU ld (GNU Binutils) 2.37) #1 SMP PREEMPT_DYNAMIC Thu Jun  5 18:30:46 UTC 2025
2025-08-24T06:39:40.888069+07:00 Asus systemd-sysctl[76]: Couldn't write '1' to 'kernel/apparmor_restrict_unprivileged_userns', ignoring: No such file or directory
2025-08-24T06:39:40.888111+07:00 Asus systemd[1]: Finished systemd-sysctl.service - Apply Kernel Variables.
2025-08-24T06:39:40.888119+07:00 Asus systemd[1]: Starting systemd-journal-flush.service - Flush Journal to Persistent Storage...
2025-08-24T06:39:40.888126+07:00 Asus systemd[1]: Finished systemd-tmpfiles-setup-dev-early.service - Create Static Device Nodes in /dev gracefully.
2025-08-24T06:39:40.888132+07:00 Asus systemd[1]: systemd-sysusers.service - Create System Users was skipped because no trigger condition checks were met.
2025-08-24T06:39:40.888139+07:00 Asus systemd[1]: Starting systemd-tmpfiles-setup-dev.service - Create Static Device Nodes in /dev...
2025-08-24T06:39:40.888152+07:00 Asus systemd[1]: Finished systemd-tmpfiles-setup-dev.service - Create Static Device Nodes in /dev.
2025-08-24T06:39:40.888159+07:00 Asus systemd[1]: Reached target local-fs-pre.target - Preparation for Local File Systems.
2025-08-24T06:39:40.888165+07:00 Asus systemd[1]: Reached target local-fs.target - Local File Systems.
2025-08-24T06:39:40.888171+07:00 Asus systemd[1]: Listening on systemd-sysext.socket - System Extension Image Management (Varlink).
2025-08-24T06:39:40.888177+07:00 Asus systemd[1]: apparmor.service - Load AppArmor profiles was skipped because of an unmet condition check (ConditionSecurity=apparmor).
2025-08-24T06:39:40.888184+07:00 Asus systemd[1]: Starting console-setup.service - Set console font and keymap...
2025-08-24T06:39:40.888195+07:00 Asus systemd[1]: ldconfig.service - Rebuild Dynamic Linker Cache was skipped because no trigger condition checks were met.
2025-08-24T06:39:40.888202+07:00 Asus sh[111]: /bin/sh: 1: cannot create /proc/sys/fs/binfmt_misc/WSLInterop-late: Permission denied
2025-08-24T06:39:40.888208+07:00 Asus systemd[1]: snapd.apparmor.service - Load AppArmor profiles managed internally by snapd was skipped because of an unmet condition check (ConditionSecurity=apparmor).
2025-08-24T06:39:40.888213+07:00 Asus systemd[1]: Starting systemd-binfmt.service - Set Up Additional Binary Formats...
2025-08-24T06:39:40.888220+07:00 Asus systemd[1]: Starting systemd-udevd.service - Rule-based Manager for Device Events and Files...
2025-08-24T06:39:40.888231+07:00 Asus systemd[1]: Finished console-setup.service - Set console font and keymap.
2025-08-24T06:39:40.888238+07:00 Asus systemd[1]: Finished systemd-binfmt.service - Set Up Additional Binary Formats.
2025-08-24T06:39:40.888244+07:00 Asus systemd[1]: Finished systemd-journal-flush.service - Flush Journal to Persistent Storage.
2025-08-24T06:39:40.888250+07:00 Asus systemd-udevd[107]: Using default interface naming scheme 'v255'.
2025-08-24T06:39:40.888258+07:00 Asus systemd[1]: Starting systemd-tmpfiles-setup.service - Create Volatile Files and Directories...
2025-08-24T06:39:40.888264+07:00 Asus systemd[1]: Finished systemd-udev-trigger.service - Coldplug All udev Devices.
2025-08-24T06:39:40.888413+07:00 Asus systemd[1]: Started systemd-udevd.service - Rule-based Manager for Device Events and Files.
2025-08-24T06:39:40.888426+07:00 Asus systemd[1]: Finished systemd-tmpfiles-setup.service - Create Volatile Files and Directories.
2025-08-24T06:39:40.888433+07:00 Asus systemd[1]: systemd-firstboot.service - First Boot Wizard was skipped because of an unmet condition check (ConditionFirstBoot=yes).
2025-08-24T06:39:40.888439+07:00 Asus systemd[1]: first-boot-complete.target - First Boot Complete was skipped because of an unmet condition check (ConditionFirstBoot=yes).
2025-08-24T06:39:40.888446+07:00 Asus systemd[1]: systemd-journal-catalog-update.service - Rebuild Journal Catalog was skipped because of an unmet condition check (ConditionNeedsUpdate=/var).
2025-08-24T06:39:40.888498+07:00 Asus systemd[1]: systemd-machine-id-commit.service - Commit a transient machine-id on disk was skipped because of an unmet condition check (ConditionPathIsMountPoint=/etc/machine-id).
2025-08-24T06:39:40.888510+07:00 Asus systemd[1]: Starting systemd-resolved.service - Network Name Resolution...
2025-08-24T06:39:40.888517+07:00 Asus systemd[1]: Starting systemd-timesyncd.service - Network Time Synchronization...
2025-08-24T06:39:40.888525+07:00 Asus systemd[1]: systemd-update-done.service - Update is Completed was skipped because no trigger condition checks were met.
2025-08-24T06:39:40.888531+07:00 Asus systemd[1]: Starting systemd-update-utmp.service - Record System Boot/Shutdown in UTMP...
2025-08-24T06:39:40.888538+07:00 Asus systemd[1]: wslg.service - WSLg Remount Service was skipped because of an unmet condition check (ConditionPathExists=!/tmp/.X11-unix/X0).
2025-08-24T06:39:40.888560+07:00 Asus systemd[1]: Finished systemd-update-utmp.service - Record System Boot/Shutdown in UTMP.
2025-08-24T06:39:40.888567+07:00 Asus systemd[1]: Started systemd-timesyncd.service - Network Time Synchronization.
2025-08-24T06:39:40.888573+07:00 Asus systemd[1]: Reached target time-set.target - System Time Set.
2025-08-24T06:39:40.888579+07:00 Asus systemd-resolved[159]: Positive Trust Anchors:
2025-08-24T06:39:40.888586+07:00 Asus systemd-resolved[159]: . IN DS 20326 8 2 e06d44b80b8f1d39a95c0b0d7c65d08458e880409bbc683457104237c7f8ec8d
2025-08-24T06:39:40.888597+07:00 Asus systemd-resolved[159]: Negative trust anchors: home.arpa 10.in-addr.arpa 16.172.in-addr.arpa 17.172.in-addr.arpa 18.172.in-addr.arpa 19.172.in-addr.arpa 20.172.in-addr.arpa 21.172.in-addr.arpa 22.172.in-addr.arpa 23.172.in-addr.arpa 24.172.in-addr.arpa 25.172.in-addr.arpa 26.172.in-addr.arpa 27.172.in-addr.arpa 28.172.in-addr.arpa 29.172.in-addr.arpa 30.172.in-addr.arpa 31.172.in-addr.arpa 170.0.0.192.in-addr.arpa 171.0.0.192.in-addr.arpa 168.192.in-addr.arpa d.f.ip6.arpa ipv4only.arpa corp home internal intranet lan local private test
2025-08-24T06:39:40.888604+07:00 Asus systemd-resolved[159]: Using system hostname 'Asus'.
2025-08-24T06:39:40.888611+07:00 Asus systemd[1]: Started systemd-resolved.service - Network Name Resolution.
2025-08-24T06:39:40.888616+07:00 Asus systemd[1]: Reached target nss-lookup.target - Host and Network Name Lookups.
2025-08-24T06:39:40.888623+07:00 Asus systemd[1]: Reached target sysinit.target - System Initialization.
2025-08-24T06:39:40.888629+07:00 Asus systemd[1]: apport-autoreport.path - Process error reports when automatic reporting is enabled (file watch) was skipped because of an unmet condition check (ConditionPathExists=/var/lib/apport/autoreport).
2025-08-24T06:39:40.888640+07:00 Asus systemd[1]: apport-autoreport.timer - Process error reports when automatic reporting is enabled (timer based) was skipped because of an unmet condition check (ConditionPathExists=/var/lib/apport/autoreport).
2025-08-24T06:39:40.888647+07:00 Asus systemd[1]: Started apt-daily.timer - Daily apt download activities.
2025-08-24T06:39:40.888653+07:00 Asus systemd[1]: Started apt-daily-upgrade.timer - Daily apt upgrade and clean activities.
2025-08-24T06:39:40.888659+07:00 Asus systemd[1]: Started dpkg-db-backup.timer - Daily dpkg database backup timer.
2025-08-24T06:39:40.888664+07:00 Asus systemd[1]: Started e2scrub_all.timer - Periodic ext4 Online Metadata Check for All Filesystems.
2025-08-24T06:39:40.888676+07:00 Asus systemd[1]: fstrim.timer - Discard unused filesystem blocks once a week was skipped because of an unmet condition check (ConditionVirtualization=!container).
2025-08-24T06:39:40.888683+07:00 Asus systemd[1]: Started logrotate.timer - Daily rotation of log files.
2025-08-24T06:39:40.888689+07:00 Asus systemd[1]: Started man-db.timer - Daily man-db regeneration.
2025-08-24T06:39:40.888695+07:00 Asus systemd[1]: Started motd-news.timer - Message of the Day.
2025-08-24T06:39:40.888701+07:00 Asus systemd[1]: Started phpsessionclean.timer - Clean PHP session files every 30 mins.
2025-08-24T06:39:40.888708+07:00 Asus systemd[1]: snapd.snap-repair.timer - Timer to automatically fetch and run repair assertions was skipped because no trigger condition checks were met.
2025-08-24T06:39:40.888720+07:00 Asus systemd[1]: Started systemd-tmpfiles-clean.timer - Daily Cleanup of Temporary Directories.
2025-08-24T06:39:40.888726+07:00 Asus systemd[1]: ua-timer.timer - Ubuntu Pro Timer for running repeated jobs was skipped because of an unmet condition check (ConditionPathExists=/var/lib/ubuntu-advantage/private/machine-token.json).
2025-08-24T06:39:40.888732+07:00 Asus systemd[1]: Reached target paths.target - Path Units.
2025-08-24T06:39:40.888738+07:00 Asus systemd[1]: Reached target timers.target - Timer Units.
2025-08-24T06:39:40.888745+07:00 Asus systemd[1]: Listening on apport-forward.socket - Unix socket for apport crash forwarding.
2025-08-24T06:39:40.888756+07:00 Asus systemd[1]: Listening on dbus.socket - D-Bus System Message Bus Socket.
2025-08-24T06:39:40.888763+07:00 Asus systemd[1]: Starting snapd.socket - Socket activation for snappy daemon...
2025-08-24T06:39:40.888769+07:00 Asus systemd[1]: Listening on uuidd.socket - UUID daemon activation socket.
2025-08-24T06:39:40.888775+07:00 Asus systemd[1]: systemd-pcrphase-sysinit.service - TPM2 PCR Barrier (Initialization) was skipped because of an unmet condition check (ConditionSecurity=measured-uki).
2025-08-24T06:39:40.888781+07:00 Asus systemd[1]: Listening on snapd.socket - Socket activation for snappy daemon.
2025-08-24T06:39:40.888787+07:00 Asus systemd[1]: Reached target sockets.target - Socket Units.
2025-08-24T06:39:40.888793+07:00 Asus systemd[1]: Reached target basic.target - Basic System.
2025-08-24T06:39:40.888803+07:00 Asus systemd[1]: apport.service - automatic crash report generation was skipped because of an unmet condition check (ConditionVirtualization=!container).
2025-08-24T06:39:40.888811+07:00 Asus systemd[1]: Started cron.service - Regular background program processing daemon.
2025-08-24T06:39:40.888817+07:00 Asus systemd[1]: Starting dbus.service - D-Bus System Message Bus...
2025-08-24T06:39:40.888823+07:00 Asus systemd[1]: Started dmesg.service - Save initial kernel messages after boot.
2025-08-24T06:39:40.888830+07:00 Asus (cron)[178]: cron.service: Referenced but unset environment variable evaluates to an empty string: EXTRA_OPTS
2025-08-24T06:39:40.888841+07:00 Asus cron[178]: (CRON) INFO (pidfile fd = 3)
2025-08-24T06:39:40.888848+07:00 Asus systemd[1]: Starting e2scrub_reap.service - Remove Stale Online ext4 Metadata Check Snapshots...
2025-08-24T06:39:40.888854+07:00 Asus systemd[1]: getty-static.service - getty on tty2-tty6 if dbus and logind are not available was skipped because of an unmet condition check (ConditionPathExists=!/usr/bin/dbus-daemon).
2025-08-24T06:39:40.888862+07:00 Asus cron[178]: (CRON) INFO (Running @reboot jobs)
2025-08-24T06:39:40.888869+07:00 Asus systemd[1]: Starting landscape-client.service - Landscape client daemons...
2025-08-24T06:39:40.888875+07:00 Asus systemd[1]: Starting mysql.service - MySQL Community Server...
2025-08-24T06:39:40.888887+07:00 Asus systemd[1]: networkd-dispatcher.service - Dispatcher daemon for systemd-networkd was skipped because no trigger condition checks were met.
2025-08-24T06:39:40.888893+07:00 Asus systemd[1]: Starting nginx.service - A high performance web server and a reverse proxy server...
2025-08-24T06:39:40.888899+07:00 Asus systemd[1]: Starting php8.3-fpm.service - The PHP 8.3 FastCGI Process Manager...
2025-08-24T06:39:40.888905+07:00 Asus systemd[1]: Starting phpsessionclean.service - Clean php session files...
2025-08-24T06:39:40.888911+07:00 Asus systemd[1]: Starting rsyslog.service - System Logging Service...
2025-08-24T06:39:40.888918+07:00 Asus systemd[1]: snapd.core-fixup.service - Automatically repair incorrect owner/permissions on core devices was skipped because no trigger condition checks were met.
2025-08-24T06:39:40.888930+07:00 Asus systemd[1]: snapd.recovery-chooser-trigger.service - Wait for the Ubuntu Core chooser trigger was skipped because of an unmet condition check (ConditionPathExistsGlob=/dev/input/event*).
2025-08-24T06:39:40.888937+07:00 Asus systemd[1]: Reached target getty-pre.target - Preparation for Logins.
2025-08-24T06:39:40.888945+07:00 Asus systemd[1]: Starting snapd.seeded.service - Wait until snapd is fully seeded...
2025-08-24T06:39:40.888952+07:00 Asus systemd[1]: Starting snapd.service - Snap Daemon...
2025-08-24T06:39:40.888957+07:00 Asus systemd[1]: Starting systemd-logind.service - User Login Management...
2025-08-24T06:39:40.888961+07:00 Asus kernel: Command line: initrd=\initrd.img WSL_ROOT_INIT=1 panic=-1 nr_cpus=8 hv_utils.timesync_implicit=1 console=hvc0 debug pty.legacy_count=0 WSL_ENABLE_CRASH_DUMP=1
2025-08-24T06:39:40.888964+07:00 Asus systemd[1]: systemd-pcrphase.service - TPM2 PCR Barrier (User) was skipped because of an unmet condition check (ConditionSecurity=measured-uki).
2025-08-24T06:39:40.888976+07:00 Asus kernel: KERNEL supported cpus:
2025-08-24T06:39:40.888977+07:00 Asus kernel:   Intel GenuineIntel
2025-08-24T06:39:40.888978+07:00 Asus kernel:   AMD AuthenticAMD
2025-08-24T06:39:40.888979+07:00 Asus kernel: BIOS-provided physical RAM map:
2025-08-24T06:39:40.888980+07:00 Asus kernel: BIOS-e820: [mem 0x0000000000000000-0x000000000009ffff] usable
2025-08-24T06:39:40.888979+07:00 Asus systemd[1]: Starting systemd-user-sessions.service - Permit User Sessions...
2025-08-24T06:39:40.888985+07:00 Asus kernel: BIOS-e820: [mem 0x00000000000e0000-0x00000000000e0fff] reserved
2025-08-24T06:39:40.888986+07:00 Asus kernel: BIOS-e820: [mem 0x0000000000100000-0x00000000001fffff] ACPI data
2025-08-24T06:39:40.888987+07:00 Asus kernel: BIOS-e820: [mem 0x0000000000200000-0x00000000f7ffffff] usable
2025-08-24T06:39:40.888988+07:00 Asus kernel: BIOS-e820: [mem 0x0000000100000000-0x00000001c5dfffff] usable
